TAP version 13
# Subtest: positive: zeroing attestation binding without consumption
ok 1 - positive: zeroing attestation binding without consumption
  ---
  duration_ms: 7.650833
  type: 'test'
  ...
# Subtest: negative: attestation different session
ok 2 - negative: attestation different session
  ---
  duration_ms: 0.273459
  type: 'test'
  ...
# Subtest: negative: attestation different model
ok 3 - negative: attestation different model
  ---
  duration_ms: 0.076125
  type: 'test'
  ...
# Subtest: negative: attestation different variant
ok 4 - negative: attestation different variant
  ---
  duration_ms: 0.066708
  type: 'test'
  ...
# Subtest: negative: attestation different servo epoch
ok 5 - negative: attestation different servo epoch
  ---
  duration_ms: 0.066583
  type: 'test'
  ...
# Subtest: negative: attestation missing epoch
ok 6 - negative: attestation missing epoch
  ---
  duration_ms: 0.110167
  type: 'test'
  ...
# Subtest: negative: attestation wrong operation scope
ok 7 - negative: attestation wrong operation scope
  ---
  duration_ms: 0.072875
  type: 'test'
  ...
# Subtest: negative: attestation invalid creation time
ok 8 - negative: attestation invalid creation time
  ---
  duration_ms: 0.0535
  type: 'test'
  ...
# Subtest: negative: attestation missing dependency scope
ok 9 - negative: attestation missing dependency scope
  ---
  duration_ms: 0.059625
  type: 'test'
  ...
# Subtest: positive: ProcedureAcknowledgment binding without storage
ok 10 - positive: ProcedureAcknowledgment binding without storage
  ---
  duration_ms: 5.563458
  type: 'test'
  ...
# Subtest: negative: ProcedureAcknowledgment without procedure revision
ok 11 - negative: ProcedureAcknowledgment without procedure revision
  ---
  duration_ms: 0.157875
  type: 'test'
  ...
# Subtest: audited finite semantic fixture: zero-quaternion-rejected
ok 12 - audited finite semantic fixture: zero-quaternion-rejected
  ---
  duration_ms: 0.8025
  type: 'test'
  ...
# Subtest: audited finite semantic fixture: unit-runtime-quaternion
ok 13 - audited finite semantic fixture: unit-runtime-quaternion
  ---
  duration_ms: 0.055083
  type: 'test'
  ...
# Subtest: audited finite semantic fixture: duplicate-ids
ok 14 - audited finite semantic fixture: duplicate-ids
  ---
  duration_ms: 0.039625
  type: 'test'
  ...
# Subtest: audited finite semantic fixture: unique-ids
ok 15 - audited finite semantic fixture: unique-ids
  ---
  duration_ms: 0.030625
  type: 'test'
  ...
# Subtest: audited finite semantic fixture: qualified-left-instance
ok 16 - audited finite semantic fixture: qualified-left-instance
  ---
  duration_ms: 0.214625
  type: 'test'
  ...
# Subtest: audited finite semantic fixture: wrong-definition-interface
ok 17 - audited finite semantic fixture: wrong-definition-interface
  ---
  duration_ms: 0.13775
  type: 'test'
  ...
# Subtest: audited finite semantic fixture: patch-contiguous
ok 18 - audited finite semantic fixture: patch-contiguous
  ---
  duration_ms: 0.120666
  type: 'test'
  ...
# Subtest: audited finite semantic fixture: patch-discontiguous
ok 19 - audited finite semantic fixture: patch-discontiguous
  ---
  duration_ms: 0.07825
  type: 'test'
  ...
# Subtest: audited finite semantic fixture: variant-active-inactive-overlap
ok 20 - audited finite semantic fixture: variant-active-inactive-overlap
  ---
  duration_ms: 0.1155
  type: 'test'
  ...
# Subtest: audited finite semantic fixture: m0-unique-gates
ok 21 - audited finite semantic fixture: m0-unique-gates
  ---
  duration_ms: 0.153583
  type: 'test'
  ...
# Subtest: audited finite semantic fixture: m0-duplicate-gate-does-not-pass
ok 22 - audited finite semantic fixture: m0-duplicate-gate-does-not-pass
  ---
  duration_ms: 0.057708
  type: 'test'
  ...
# Subtest: audited finite semantic fixture: m0-permission-exact-equivalence
ok 23 - audited finite semantic fixture: m0-permission-exact-equivalence
  ---
  duration_ms: 0.03575
  type: 'test'
  ...
# Subtest: audited finite semantic fixture: source-lock-branch-map
ok 24 - audited finite semantic fixture: source-lock-branch-map
  ---
  duration_ms: 0.078375
  type: 'test'
  ...
# Subtest: audited finite semantic fixture: source-lock-missing-zero-branch
ok 25 - audited finite semantic fixture: source-lock-missing-zero-branch
  ---
  duration_ms: 0.071042
  type: 'test'
  ...
# Subtest: audited finite semantic fixture: source-lock-inverted-rect
ok 26 - audited finite semantic fixture: source-lock-inverted-rect
  ---
  duration_ms: 0.048208
  type: 'test'
  ...
# Subtest: audited finite semantic fixture: admission-complete-context-closure
ok 27 - audited finite semantic fixture: admission-complete-context-closure
  ---
  duration_ms: 0.054125
  type: 'test'
  ...
# Subtest: audited finite semantic fixture: missing-context-part-blocks-admission
ok 28 - audited finite semantic fixture: missing-context-part-blocks-admission
  ---
  duration_ms: 0.020084
  type: 'test'
  ...
# Subtest: audited finite semantic fixture: official-approximate-is-not-exact
ok 29 - audited finite semantic fixture: official-approximate-is-not-exact
  ---
  duration_ms: 0.021167
  type: 'test'
  ...
# Subtest: audited finite semantic fixture: printed-transcription-scope-retained
ok 30 - audited finite semantic fixture: printed-transcription-scope-retained
  ---
  duration_ms: 0.01975
  type: 'test'
  ...
# Subtest: audited finite semantic fixture: fixture-receipt-cannot-admit-real-part
ok 31 - audited finite semantic fixture: fixture-receipt-cannot-admit-real-part
  ---
  duration_ms: 0.01475
  type: 'test'
  ...
# Subtest: audited finite semantic fixture: fixture-receipt-in-fixture-lane
ok 32 - audited finite semantic fixture: fixture-receipt-in-fixture-lane
  ---
  duration_ms: 0.012792
  type: 'test'
  ...
# Subtest: positive JCS vector: exponents
ok 33 - positive JCS vector: exponents
  ---
  duration_ms: 0.700208
  type: 'test'
  ...
# Subtest: positive JCS vector: unicode-utf16-order
ok 34 - positive JCS vector: unicode-utf16-order
  ---
  duration_ms: 0.134125
  type: 'test'
  ...
# Subtest: positive JCS vector: sorted-id-set
ok 35 - positive JCS vector: sorted-id-set
  ---
  duration_ms: 0.081958
  type: 'test'
  ...
# Subtest: positive JCS vector: safe-integer-count
ok 36 - positive JCS vector: safe-integer-count
  ---
  duration_ms: 0.078792
  type: 'test'
  ...
# Subtest: positive JCS vector: strings-and-authored-order
ok 37 - positive JCS vector: strings-and-authored-order
  ---
  duration_ms: 0.086166
  type: 'test'
  ...
# Subtest: positive JCS vector: large-non-count-number
ok 38 - positive JCS vector: large-non-count-number
  ---
  duration_ms: 0.046667
  type: 'test'
  ...
# Subtest: positive JCS vector: ieee754-non-count-rounding
ok 39 - positive JCS vector: ieee754-non-count-rounding
  ---
  duration_ms: 0.107083
  type: 'test'
  ...
# Subtest: negative JCS vector: negative-zero
ok 40 - negative JCS vector: negative-zero
  ---
  duration_ms: 0.228166
  type: 'test'
  ...
# Subtest: negative JCS vector: negative-zero-exponent
ok 41 - negative JCS vector: negative-zero-exponent
  ---
  duration_ms: 0.082708
  type: 'test'
  ...
# Subtest: negative JCS vector: negative-underflow
ok 42 - negative JCS vector: negative-underflow
  ---
  duration_ms: 0.075875
  type: 'test'
  ...
# Subtest: negative JCS vector: infinity
ok 43 - negative JCS vector: infinity
  ---
  duration_ms: 0.055667
  type: 'test'
  ...
# Subtest: negative JCS vector: negative-infinity
ok 44 - negative JCS vector: negative-infinity
  ---
  duration_ms: 0.035
  type: 'test'
  ...
# Subtest: negative JCS vector: nan
ok 45 - negative JCS vector: nan
  ---
  duration_ms: 0.070083
  type: 'test'
  ...
# Subtest: negative JCS vector: duplicate-key
ok 46 - negative JCS vector: duplicate-key
  ---
  duration_ms: 0.032375
  type: 'test'
  ...
# Subtest: negative JCS vector: escaped-duplicate-key
ok 47 - negative JCS vector: escaped-duplicate-key
  ---
  duration_ms: 0.025583
  type: 'test'
  ...
# Subtest: negative JCS vector: nested-duplicate
ok 48 - negative JCS vector: nested-duplicate
  ---
  duration_ms: 0.033291
  type: 'test'
  ...
# Subtest: negative JCS vector: lone-surrogate
ok 49 - negative JCS vector: lone-surrogate
  ---
  duration_ms: 0.031875
  type: 'test'
  ...
# Subtest: negative JCS vector: lone-surrogate-key
ok 50 - negative JCS vector: lone-surrogate-key
  ---
  duration_ms: 0.042333
  type: 'test'
  ...
# Subtest: negative JCS vector: unsafe-revision
ok 51 - negative JCS vector: unsafe-revision
  ---
  duration_ms: 0.049083
  type: 'test'
  ...
# Subtest: negative JCS vector: unsafe-count
ok 52 - negative JCS vector: unsafe-count
  ---
  duration_ms: 0.028041
  type: 'test'
  ...
# Subtest: negative JCS vector: fractional-revision
ok 53 - negative JCS vector: fractional-revision
  ---
  duration_ms: 0.021875
  type: 'test'
  ...
# Subtest: negative JCS vector: fractional-predicate-version
ok 54 - negative JCS vector: fractional-predicate-version
  ---
  duration_ms: 0.022916
  type: 'test'
  ...
# Subtest: negative JCS vector: unsafe-contract-version
ok 55 - negative JCS vector: unsafe-contract-version
  ---
  duration_ms: 0.0265
  type: 'test'
  ...
# Subtest: negative programmatic numeric: NaN
ok 56 - negative programmatic numeric: NaN
  ---
  duration_ms: 0.055875
  type: 'test'
  ...
# Subtest: negative programmatic numeric: Infinity
ok 57 - negative programmatic numeric: Infinity
  ---
  duration_ms: 0.03525
  type: 'test'
  ...
# Subtest: negative programmatic numeric: -Infinity
ok 58 - negative programmatic numeric: -Infinity
  ---
  duration_ms: 0.018917
  type: 'test'
  ...
# Subtest: negative programmatic numeric: negative zero
ok 59 - negative programmatic numeric: negative zero
  ---
  duration_ms: 0.01825
  type: 'test'
  ...
# Subtest: domain separation and raw bytes are distinct
ok 60 - domain separation and raw bytes are distinct
  ---
  duration_ms: 0.275542
  type: 'test'
  ...
# Subtest: cross-language results match exact canonical bytes, hashes and rejection reasons
ok 61 - cross-language results match exact canonical bytes, hashes and rejection reasons
  ---
  duration_ms: 0.950208
  type: 'test'
  ...
# Subtest: hash inputs are exhaustively classified and acyclic
ok 62 - hash inputs are exhaustively classified and acyclic
  ---
  duration_ms: 1.2255
  type: 'test'
  ...
# Subtest: production schema meta-validation: AdmissionReport.schema.json
ok 63 - production schema meta-validation: AdmissionReport.schema.json
  ---
  duration_ms: 1.854583
  type: 'test'
  ...
# Subtest: production schema meta-validation: AssemblyOperation.schema.json
ok 64 - production schema meta-validation: AssemblyOperation.schema.json
  ---
  duration_ms: 0.075917
  type: 'test'
  ...
# Subtest: production schema meta-validation: AssemblySession.schema.json
ok 65 - production schema meta-validation: AssemblySession.schema.json
  ---
  duration_ms: 0.032708
  type: 'test'
  ...
# Subtest: production schema meta-validation: AssemblySolution.schema.json
ok 66 - production schema meta-validation: AssemblySolution.schema.json
  ---
  duration_ms: 0.029667
  type: 'test'
  ...
# Subtest: production schema meta-validation: AssemblyState.schema.json
ok 67 - production schema meta-validation: AssemblyState.schema.json
  ---
  duration_ms: 0.045166
  type: 'test'
  ...
# Subtest: production schema meta-validation: AssemblyStep.schema.json
ok 68 - production schema meta-validation: AssemblyStep.schema.json
  ---
  duration_ms: 0.021959
  type: 'test'
  ...
# Subtest: production schema meta-validation: CableConnection.schema.json
ok 69 - production schema meta-validation: CableConnection.schema.json
  ---
  duration_ms: 0.029041
  type: 'test'
  ...
# Subtest: production schema meta-validation: CableDefinition.schema.json
ok 70 - production schema meta-validation: CableDefinition.schema.json
  ---
  duration_ms: 0.020542
  type: 'test'
  ...
# Subtest: production schema meta-validation: CameraInstruction.schema.json
ok 71 - production schema meta-validation: CameraInstruction.schema.json
  ---
  duration_ms: 0.028375
  type: 'test'
  ...
# Subtest: production schema meta-validation: Claim.schema.json
ok 72 - production schema meta-validation: Claim.schema.json
  ---
  duration_ms: 0.053166
  type: 'test'
  ...
# Subtest: production schema meta-validation: CompiledGraph.schema.json
ok 73 - production schema meta-validation: CompiledGraph.schema.json
  ---
  duration_ms: 0.02925
  type: 'test'
  ...
# Subtest: production schema meta-validation: ConflictRecord.schema.json
ok 74 - production schema meta-validation: ConflictRecord.schema.json
  ---
  duration_ms: 0.022208
  type: 'test'
  ...
# Subtest: production schema meta-validation: ConnectionPoint.schema.json
ok 75 - production schema meta-validation: ConnectionPoint.schema.json
  ---
  duration_ms: 0.017167
  type: 'test'
  ...
# Subtest: production schema meta-validation: DerivationRecord.schema.json
ok 76 - production schema meta-validation: DerivationRecord.schema.json
  ---
  duration_ms: 0.016917
  type: 'test'
  ...
# Subtest: production schema meta-validation: EvidenceRecord.schema.json
ok 77 - production schema meta-validation: EvidenceRecord.schema.json
  ---
  duration_ms: 0.01975
  type: 'test'
  ...
# Subtest: production schema meta-validation: FastenerDefinition.schema.json
ok 78 - production schema meta-validation: FastenerDefinition.schema.json
  ---
  duration_ms: 0.01675
  type: 'test'
  ...
# Subtest: production schema meta-validation: FrameRecord.schema.json
ok 79 - production schema meta-validation: FrameRecord.schema.json
  ---
  duration_ms: 0.011916
  type: 'test'
  ...
# Subtest: production schema meta-validation: GeometrySource.schema.json
ok 80 - production schema meta-validation: GeometrySource.schema.json
  ---
  duration_ms: 0.017042
  type: 'test'
  ...
# Subtest: production schema meta-validation: Measurement.schema.json
ok 81 - production schema meta-validation: Measurement.schema.json
  ---
  duration_ms: 0.01575
  type: 'test'
  ...
# Subtest: production schema meta-validation: MechanicalConnection.schema.json
ok 82 - production schema meta-validation: MechanicalConnection.schema.json
  ---
  duration_ms: 0.017625
  type: 'test'
  ...
# Subtest: production schema meta-validation: MechanicalInterface.schema.json
ok 83 - production schema meta-validation: MechanicalInterface.schema.json
  ---
  duration_ms: 0.011958
  type: 'test'
  ...
# Subtest: production schema meta-validation: MotionInstruction.schema.json
ok 84 - production schema meta-validation: MotionInstruction.schema.json
  ---
  duration_ms: 0.012458
  type: 'test'
  ...
# Subtest: production schema meta-validation: OperationUndo.schema.json
ok 85 - production schema meta-validation: OperationUndo.schema.json
  ---
  duration_ms: 0.017041
  type: 'test'
  ...
# Subtest: production schema meta-validation: PartDefinition.schema.json
ok 86 - production schema meta-validation: PartDefinition.schema.json
  ---
  duration_ms: 0.011542
  type: 'test'
  ...
# Subtest: production schema meta-validation: PartInstance.schema.json
ok 87 - production schema meta-validation: PartInstance.schema.json
  ---
  duration_ms: 0.012542
  type: 'test'
  ...
# Subtest: production schema meta-validation: ProcedureAcknowledgment.schema.json
ok 88 - production schema meta-validation: ProcedureAcknowledgment.schema.json
  ---
  duration_ms: 0.012042
  type: 'test'
  ...
# Subtest: production schema meta-validation: RuntimeManifest.schema.json
ok 89 - production schema meta-validation: RuntimeManifest.schema.json
  ---
  duration_ms: 0.012041
  type: 'test'
  ...
# Subtest: production schema meta-validation: RuntimeRegistry.schema.json
ok 90 - production schema meta-validation: RuntimeRegistry.schema.json
  ---
  duration_ms: 0.011708
  type: 'test'
  ...
# Subtest: production schema meta-validation: RuntimeTransform.schema.json
ok 91 - production schema meta-validation: RuntimeTransform.schema.json
  ---
  duration_ms: 0.01125
  type: 'test'
  ...
# Subtest: production schema meta-validation: ToolRequirement.schema.json
ok 92 - production schema meta-validation: ToolRequirement.schema.json
  ---
  duration_ms: 0.031208
  type: 'test'
  ...
# Subtest: production schema meta-validation: UnresolvedEvidenceItem.schema.json
ok 93 - production schema meta-validation: UnresolvedEvidenceItem.schema.json
  ---
  duration_ms: 0.023042
  type: 'test'
  ...
# Subtest: production schema meta-validation: VariantPatch.schema.json
ok 94 - production schema meta-validation: VariantPatch.schema.json
  ---
  duration_ms: 0.016375
  type: 'test'
  ...
# Subtest: production schema meta-validation: VariantRule.schema.json
ok 95 - production schema meta-validation: VariantRule.schema.json
  ---
  duration_ms: 0.012916
  type: 'test'
  ...
# Subtest: production schema meta-validation: VerificationRule.schema.json
ok 96 - production schema meta-validation: VerificationRule.schema.json
  ---
  duration_ms: 0.021125
  type: 'test'
  ...
# Subtest: production schema meta-validation: VisibilityRule.schema.json
ok 97 - production schema meta-validation: VisibilityRule.schema.json
  ---
  duration_ms: 0.011875
  type: 'test'
  ...
# Subtest: production schema meta-validation: Warning.schema.json
ok 98 - production schema meta-validation: Warning.schema.json
  ---
  duration_ms: 0.011583
  type: 'test'
  ...
# Subtest: production schema meta-validation: ZeroingAttestation.schema.json
ok 99 - production schema meta-validation: ZeroingAttestation.schema.json
  ---
  duration_ms: 0.010917
  type: 'test'
  ...
# Subtest: production schema meta-validation: digital-twin.schema.json
ok 100 - production schema meta-validation: digital-twin.schema.json
  ---
  duration_ms: 1.120542
  type: 'test'
  ...
# Subtest: production schema meta-validation: documentation-source-lock.schema.json
ok 101 - production schema meta-validation: documentation-source-lock.schema.json
  ---
  duration_ms: 0.090208
  type: 'test'
  ...
# Subtest: production schema meta-validation: m0-gate-report.schema.json
ok 102 - production schema meta-validation: m0-gate-report.schema.json
  ---
  duration_ms: 0.065292
  type: 'test'
  ...
# Subtest: production schema meta-validation: m1-g-data-report.schema.json
ok 103 - production schema meta-validation: m1-g-data-report.schema.json
  ---
  duration_ms: 0.08325
  type: 'test'
  ...
# Subtest: production schema meta-validation: m1-inventory.schema.json
ok 104 - production schema meta-validation: m1-inventory.schema.json
  ---
  duration_ms: 0.048375
  type: 'test'
  ...
# Subtest: production schema meta-validation: planning-step-seed.schema.json
ok 105 - production schema meta-validation: planning-step-seed.schema.json
  ---
  duration_ms: 0.083
  type: 'test'
  ...
# Subtest: audited current shape: full-state-can-store-routes-and-allocations
ok 106 - audited current shape: full-state-can-store-routes-and-allocations
  ---
  duration_ms: 11.788
  type: 'test'
  ...
# Subtest: audited current shape: hash-only-stock-state-no-longer-complete
ok 107 - audited current shape: hash-only-stock-state-no-longer-complete
  ---
  duration_ms: 0.10325
  type: 'test'
  ...
# Subtest: audited current shape: truthful-pre-export-cad-without-mesh
ok 108 - audited current shape: truthful-pre-export-cad-without-mesh
  ---
  duration_ms: 16.752292
  type: 'test'
  ...
# Subtest: audited current shape: pass-with-blocker-rejected
ok 109 - audited current shape: pass-with-blocker-rejected
  ---
  duration_ms: 0.134792
  type: 'test'
  ...
# Subtest: audited current shape: geometry-final-stage-shape
ok 110 - audited current shape: geometry-final-stage-shape
  ---
  duration_ms: 0.067958
  type: 'test'
  ...
# Subtest: audited current shape: geometry-empty-step-scope-rejected
ok 111 - audited current shape: geometry-empty-step-scope-rejected
  ---
  duration_ms: 0.070208
  type: 'test'
  ...
# Subtest: audited current shape: geometry-pass-missing-mesh-rejected
ok 112 - audited current shape: geometry-pass-missing-mesh-rejected
  ---
  duration_ms: 0.064209
  type: 'test'
  ...
# Subtest: audited current shape: blocked-missing-artifact-is-representable
ok 113 - audited current shape: blocked-missing-artifact-is-representable
  ---
  duration_ms: 0.056792
  type: 'test'
  ...
# Subtest: audited current shape: variant-patch-has-addressable-id
ok 114 - audited current shape: variant-patch-has-addressable-id
  ---
  duration_ms: 2.795917
  type: 'test'
  ...
# Subtest: audited current shape: variant-patch-without-id-rejected
ok 115 - audited current shape: variant-patch-without-id-rejected
  ---
  duration_ms: 0.053
  type: 'test'
  ...
# Subtest: audited current shape: empty-unanchored-replacement-rejected
ok 116 - audited current shape: empty-unanchored-replacement-rejected
  ---
  duration_ms: 0.029542
  type: 'test'
  ...
# Subtest: audited current shape: bare-physical-guide-id-rejected
ok 117 - audited current shape: bare-physical-guide-id-rejected
  ---
  duration_ms: 11.297292
  type: 'test'
  ...
# Subtest: audited current shape: qualified-guide-reference-accepted
ok 118 - audited current shape: qualified-guide-reference-accepted
  ---
  duration_ms: 0.055708
  type: 'test'
  ...
# Subtest: audited current shape: bare-joint-interface-key-rejected
ok 119 - audited current shape: bare-joint-interface-key-rejected
  ---
  duration_ms: 0.386958
  type: 'test'
  ...
# Subtest: audited current shape: joint-key-is-connection-and-dof
ok 120 - audited current shape: joint-key-is-connection-and-dof
  ---
  duration_ms: 0.030083
  type: 'test'
  ...
# Subtest: audited current shape: runtime-metres-not-cad-mm
ok 121 - audited current shape: runtime-metres-not-cad-mm
  ---
  duration_ms: 1.915
  type: 'test'
  ...
# Subtest: audited current shape: runtime-rejects-cad-frame
ok 122 - audited current shape: runtime-rejects-cad-frame
  ---
  duration_ms: 0.070916
  type: 'test'
  ...
# Subtest: audited current shape: runtime-translationMm-not-allowed
ok 123 - audited current shape: runtime-translationMm-not-allowed
  ---
  duration_ms: 0.030458
  type: 'test'
  ...
# Subtest: audited current shape: zero-quaternion-is-semantic-not-schema-error
ok 124 - audited current shape: zero-quaternion-is-semantic-not-schema-error
  ---
  duration_ms: 0.019667
  type: 'test'
  ...
# Subtest: audited current shape: structured-zeroing-attestation
ok 125 - audited current shape: structured-zeroing-attestation
  ---
  duration_ms: 3.339292
  type: 'test'
  ...
# Subtest: audited current shape: movement-not-denied-is-not-valid-attestation
ok 126 - audited current shape: movement-not-denied-is-not-valid-attestation
  ---
  duration_ms: 0.064083
  type: 'test'
  ...
# Subtest: audited current shape: attestation-missing-servo-is-rejected
ok 127 - audited current shape: attestation-missing-servo-is-rejected
  ---
  duration_ms: 0.036958
  type: 'test'
  ...
# Subtest: audited current shape: typed-rule-expected-operand
ok 128 - audited current shape: typed-rule-expected-operand
  ---
  duration_ms: 7.335792
  type: 'test'
  ...
# Subtest: audited current shape: rule-without-expected-operand-rejected
ok 129 - audited current shape: rule-without-expected-operand-rejected
  ---
  duration_ms: 0.058291
  type: 'test'
  ...
# Subtest: audited current shape: compiled-graph-explicit-operation-registry
ok 130 - audited current shape: compiled-graph-explicit-operation-registry
  ---
  duration_ms: 23.967041
  type: 'test'
  ...
# Subtest: audited current shape: compiled-graph-missing-operations
ok 131 - audited current shape: compiled-graph-missing-operations
  ---
  duration_ms: 0.063208
  type: 'test'
  ...
# Subtest: audited current shape: solution-stable-id-and-runtime-unit
ok 132 - audited current shape: solution-stable-id-and-runtime-unit
  ---
  duration_ms: 4.178875
  type: 'test'
  ...
# Subtest: audited current shape: runtime-asset-complete-synthetic-shape
ok 133 - audited current shape: runtime-asset-complete-synthetic-shape
  ---
  duration_ms: 3.1615
  type: 'test'
  ...
# Subtest: audited current shape: unsafe-path-28
ok 134 - audited current shape: unsafe-path-28
  ---
  duration_ms: 0.052083
  type: 'test'
  ...
# Subtest: audited current shape: unsafe-path-29
ok 135 - audited current shape: unsafe-path-29
  ---
  duration_ms: 0.028458
  type: 'test'
  ...
# Subtest: audited current shape: unsafe-path-30
ok 136 - audited current shape: unsafe-path-30
  ---
  duration_ms: 0.026
  type: 'test'
  ...
# Subtest: audited current shape: unsafe-path-31
ok 137 - audited current shape: unsafe-path-31
  ---
  duration_ms: 0.022458
  type: 'test'
  ...
# Subtest: audited current shape: unsafe-path-32
ok 138 - audited current shape: unsafe-path-32
  ---
  duration_ms: 0.033209
  type: 'test'
  ...
# Subtest: audited current shape: unsafe-path-33
ok 139 - audited current shape: unsafe-path-33
  ---
  duration_ms: 0.030416
  type: 'test'
  ...
# Subtest: audited current shape: manifest-has-explicit-graph-artifact
ok 140 - audited current shape: manifest-has-explicit-graph-artifact
  ---
  duration_ms: 17.259417
  type: 'test'
  ...
# Subtest: audited current shape: manifest-missing-graph-artifact-rejected
ok 141 - audited current shape: manifest-missing-graph-artifact-rejected
  ---
  duration_ms: 0.065541
  type: 'test'
  ...
# Subtest: audited current shape: manifest-rejects-mm-interface-frame
ok 142 - audited current shape: manifest-rejects-mm-interface-frame
  ---
  duration_ms: 0.041958
  type: 'test'
  ...
# Subtest: audited current shape: operation-tag-introduce
ok 143 - audited current shape: operation-tag-introduce
  ---
  duration_ms: 0.057041
  type: 'test'
  ...
# Subtest: audited current shape: operation-tag-attachRigid
ok 144 - audited current shape: operation-tag-attachRigid
  ---
  duration_ms: 0.024958
  type: 'test'
  ...
# Subtest: audited current shape: operation-tag-attachJoint
ok 145 - audited current shape: operation-tag-attachJoint
  ---
  duration_ms: 0.021833
  type: 'test'
  ...
# Subtest: audited current shape: operation-tag-installFastener
ok 146 - audited current shape: operation-tag-installFastener
  ---
  duration_ms: 0.022708
  type: 'test'
  ...
# Subtest: audited current shape: operation-tag-insertRivet
ok 147 - audited current shape: operation-tag-insertRivet
  ---
  duration_ms: 0.019125
  type: 'test'
  ...
# Subtest: audited current shape: operation-tag-lockRivet
ok 148 - audited current shape: operation-tag-lockRivet
  ---
  duration_ms: 0.038459
  type: 'test'
  ...
# Subtest: audited current shape: operation-tag-connectCableEnd
ok 149 - audited current shape: operation-tag-connectCableEnd
  ---
  duration_ms: 0.036209
  type: 'test'
  ...
# Subtest: audited current shape: operation-tag-disconnectCableEnd
ok 150 - audited current shape: operation-tag-disconnectCableEnd
  ---
  duration_ms: 0.023834
  type: 'test'
  ...
# Subtest: audited current shape: operation-tag-routeCable
ok 151 - audited current shape: operation-tag-routeCable
  ---
  duration_ms: 0.01775
  type: 'test'
  ...
# Subtest: audited current shape: operation-tag-allocateConsumable
ok 152 - audited current shape: operation-tag-allocateConsumable
  ---
  duration_ms: 0.311291
  type: 'test'
  ...
# Subtest: audited current shape: operation-tag-applyConsumable
ok 153 - audited current shape: operation-tag-applyConsumable
  ---
  duration_ms: 0.018541
  type: 'test'
  ...
# Subtest: audited current shape: operation-tag-acknowledgeProcedure
ok 154 - audited current shape: operation-tag-acknowledgeProcedure
  ---
  duration_ms: 0.015791
  type: 'test'
  ...
# Subtest: audited current shape: operation-tag-confirmZeroing
ok 155 - audited current shape: operation-tag-confirmZeroing
  ---
  duration_ms: 0.015959
  type: 'test'
  ...
# Subtest: audited current shape: operation-tag-groupSubassembly
ok 156 - audited current shape: operation-tag-groupSubassembly
  ---
  duration_ms: 0.015959
  type: 'test'
  ...
# Subtest: audited current shape: operation-tag-moveSubassembly
ok 157 - audited current shape: operation-tag-moveSubassembly
  ---
  duration_ms: 0.014209
  type: 'test'
  ...
# Subtest: audited current shape: operation-tag-setJointReference
ok 158 - audited current shape: operation-tag-setJointReference
  ---
  duration_ms: 0.021208
  type: 'test'
  ...
# Subtest: audited current shape: operation-tag-removeOwnedBacking
ok 159 - audited current shape: operation-tag-removeOwnedBacking
  ---
  duration_ms: 0.015584
  type: 'test'
  ...
# Subtest: audited current shape: operation-hidden-payload-field-rejected
ok 160 - audited current shape: operation-hidden-payload-field-rejected
  ---
  duration_ms: 0.029625
  type: 'test'
  ...
# Subtest: audited current shape: source-lock-template-stays-blocked
ok 161 - audited current shape: source-lock-template-stays-blocked
  ---
  duration_ms: 3.041958
  type: 'test'
  ...
# Subtest: audited current shape: verified-source-lock-complete-shape-only
ok 162 - audited current shape: verified-source-lock-complete-shape-only
  ---
  duration_ms: 0.306875
  type: 'test'
  ...
# Subtest: audited current shape: verified-source-lock-missing-pdf-hash
ok 163 - audited current shape: verified-source-lock-missing-pdf-hash
  ---
  duration_ms: 0.21275
  type: 'test'
  ...
# Subtest: audited current shape: verified-source-lock-missing-panels
ok 164 - audited current shape: verified-source-lock-missing-panels
  ---
  duration_ms: 0.164167
  type: 'test'
  ...
# Subtest: audited current shape: m0-required-pass-native-explicitly-blocked
ok 165 - audited current shape: m0-required-pass-native-explicitly-blocked
  ---
  duration_ms: 1.491667
  type: 'test'
  ...
# Subtest: audited current shape: m0-source-blocked-cannot-allow-m1
ok 166 - audited current shape: m0-source-blocked-cannot-allow-m1
  ---
  duration_ms: 0.18675
  type: 'test'
  ...
# Subtest: audited current shape: runtime-registry-closed-families
ok 167 - audited current shape: runtime-registry-closed-families
  ---
  duration_ms: 33.070458
  type: 'test'
  ...
# Subtest: audited current shape: runtime-registry-no-undeclared-map
ok 168 - audited current shape: runtime-registry-no-undeclared-map
  ---
  duration_ms: 0.0625
  type: 'test'
  ...
# Subtest: audited example: mechanical-interface.valid.json
ok 169 - audited example: mechanical-interface.valid.json
  ---
  duration_ms: 3.107417
  type: 'test'
  ...
# Subtest: audited example: numeric-derived-schema-only.valid.json
ok 170 - audited example: numeric-derived-schema-only.valid.json
  ---
  duration_ms: 3.379042
  type: 'test'
  ...
# Subtest: audited example: numeric-derived-without-method.invalid.json
ok 171 - audited example: numeric-derived-without-method.invalid.json
  ---
  duration_ms: 0.286625
  type: 'test'
  ...
# Subtest: audited example: numeric-unresolved-with-value.invalid.json
ok 172 - audited example: numeric-unresolved-with-value.invalid.json
  ---
  duration_ms: 0.154208
  type: 'test'
  ...
# Subtest: audited example: numeric-unresolved.valid.json
ok 173 - audited example: numeric-unresolved.valid.json
  ---
  duration_ms: 0.155583
  type: 'test'
  ...
# Subtest: audited example: part-definition.valid.json
ok 174 - audited example: part-definition.valid.json
  ---
  duration_ms: 3.27925
  type: 'test'
  ...
# Subtest: audited example: printed-designation-claim.valid.json
ok 175 - audited example: printed-designation-claim.valid.json
  ---
  duration_ms: 4.017583
  type: 'test'
  ...
# Subtest: audited example: unknown-field-definition.invalid.json
ok 176 - audited example: unknown-field-definition.invalid.json
  ---
  duration_ms: 0.173042
  type: 'test'
  ...
# Subtest: audited example: verified-claim-without-evidence.invalid.json
ok 177 - audited example: verified-claim-without-evidence.invalid.json
  ---
  duration_ms: 0.096916
  type: 'test'
  ...
# Subtest: audited v2 production schema and wrappers are byte-preserved
ok 178 - audited v2 production schema and wrappers are byte-preserved
  ---
  duration_ms: 2.035792
  type: 'test'
  ...
# Subtest: negative: unknown numeric with payload
ok 179 - negative: unknown numeric with payload
  ---
  duration_ms: 6.117584
  type: 'test'
  ...
# Subtest: negative: unresolved numeric wrong confidence
ok 180 - negative: unresolved numeric wrong confidence
  ---
  duration_ms: 0.107042
  type: 'test'
  ...
# Subtest: negative: known numeric unresolved confidence
ok 181 - negative: known numeric unresolved confidence
  ---
  duration_ms: 0.068
  type: 'test'
  ...
# Subtest: negative: VERIFIED claim without evidence
ok 182 - negative: VERIFIED claim without evidence
  ---
  duration_ms: 20.929917
  type: 'test'
  ...
# Subtest: negative: unknown reference
ok 183 - negative: unknown reference
  ---
  duration_ms: 13.974375
  type: 'test'
  ...
# Subtest: negative: wrong reference type
ok 184 - negative: wrong reference type
  ---
  duration_ms: 3.935959
  type: 'test'
  ...
# Subtest: negative: duplicate stable ID
ok 185 - negative: duplicate stable ID
  ---
  duration_ms: 1.981375
  type: 'test'
  ...
# Subtest: negative: DERIVED numeric without record
ok 186 - negative: DERIVED numeric without record
  ---
  duration_ms: 14.591959
  type: 'test'
  ...
# Subtest: negative: derivation unresolved method artifact
ok 187 - negative: derivation unresolved method artifact
  ---
  duration_ms: 141.83725
  type: 'test'
  ...
# Subtest: negative: derivation unsupported method
ok 188 - negative: derivation unsupported method
  ---
  duration_ms: 8.076375
  type: 'test'
  ...
# Subtest: negative: derivation changed immutable method hash
ok 189 - negative: derivation changed immutable method hash
  ---
  duration_ms: 6.613083
  type: 'test'
  ...
# Subtest: negative: derivation reproduction mismatch
ok 190 - negative: derivation reproduction mismatch
  ---
  duration_ms: 7.583292
  type: 'test'
  ...
# Subtest: negative: derivation lost uncertainty
ok 191 - negative: derivation lost uncertainty
  ---
  duration_ms: 6.983917
  type: 'test'
  ...
# Subtest: negative: derivation incompatible units
ok 192 - negative: derivation incompatible units
  ---
  duration_ms: 6.038417
  type: 'test'
  ...
# Subtest: negative: derivation source limitation lost
ok 193 - negative: derivation source limitation lost
  ---
  duration_ms: 7.45075
  type: 'test'
  ...
# Subtest: negative: duplicate physical allocation
ok 194 - negative: duplicate physical allocation
  ---
  duration_ms: 8.230708
  type: 'test'
  ...
# Subtest: negative: owned rivet pin double-counted as supplied stock
ok 195 - negative: owned rivet pin double-counted as supplied stock
  ---
  duration_ms: 4.801166
  type: 'test'
  ...
# Subtest: negative: invalid variant reference
ok 196 - negative: invalid variant reference
  ---
  duration_ms: 3.810584
  type: 'test'
  ...
# Subtest: negative: wrong definition revision
ok 197 - negative: wrong definition revision
  ---
  duration_ms: 3.328791
  type: 'test'
  ...
# Subtest: negative: probable generic HAT identity promoted without proof
ok 198 - negative: probable generic HAT identity promoted without proof
  ---
  duration_ms: 3.285417
  type: 'test'
  ...
# Subtest: negative: official reference approximation promoted to exact
ok 199 - negative: official reference approximation promoted to exact
  ---
  duration_ms: 3.073959
  type: 'test'
  ...
# Subtest: negative: source limitations silently discarded
ok 200 - negative: source limitations silently discarded
  ---
  duration_ms: 2.585666
  type: 'test'
  ...
# Subtest: negative: open conflict treated as resolved
ok 201 - negative: open conflict treated as resolved
  ---
  duration_ms: 4.642
  type: 'test'
  ...
# Subtest: negative: resolved conflict lacking resolution
ok 202 - negative: resolved conflict lacking resolution
  ---
  duration_ms: 3.103583
  type: 'test'
  ...
# Subtest: negative: resolved conflict loses competing claims
ok 203 - negative: resolved conflict loses competing claims
  ---
  duration_ms: 2.971292
  type: 'test'
  ...
# Subtest: negative: rule incompatible comparator
ok 204 - negative: rule incompatible comparator
  ---
  duration_ms: 5.670459
  type: 'test'
  ...
# Subtest: negative: rule incompatible operand
ok 205 - negative: rule incompatible operand
  ---
  duration_ms: 6.239708
  type: 'test'
  ...
# Subtest: negative: rule incompatible unit
ok 206 - negative: rule incompatible unit
  ---
  duration_ms: 4.945791
  type: 'test'
  ...
# Subtest: negative: rule incompatible phase
ok 207 - negative: rule incompatible phase
  ---
  duration_ms: 4.40825
  type: 'test'
  ...
# Subtest: negative: supersession deletes closure with dangling history
ok 208 - negative: supersession deletes closure with dangling history
  ---
  duration_ms: 2.553958
  type: 'test'
  ...
# Subtest: negative: supersession cycle
ok 209 - negative: supersession cycle
  ---
  duration_ms: 7.756625
  type: 'test'
  ...
# Subtest: negative: one screw allocated to two final uses
ok 210 - negative: one screw allocated to two final uses
  ---
  duration_ms: 0.557333
  type: 'test'
  ...
# Subtest: negative: printed stock arithmetic mismatch
ok 211 - negative: printed stock arithmetic mismatch
  ---
  duration_ms: 0.3155
  type: 'test'
  ...
# Subtest: negative: printed stock promoted to observed stock
ok 212 - negative: printed stock promoted to observed stock
  ---
  duration_ms: 0.305709
  type: 'test'
  ...
# Subtest: positive: valid qualified instance endpoint
ok 213 - positive: valid qualified instance endpoint
  ---
  duration_ms: 0.041084
  type: 'test'
  ...
# Subtest: negative: ambiguous bare interface for repeated instances
ok 214 - negative: ambiguous bare interface for repeated instances
  ---
  duration_ms: 0.031625
  type: 'test'
  ...
# Subtest: negative: wrong-definition qualified endpoint
ok 215 - negative: wrong-definition qualified endpoint
  ---
  duration_ms: 0.031708
  type: 'test'
  ...
# Subtest: positive: contiguous VariantPatch
ok 216 - positive: contiguous VariantPatch
  ---
  duration_ms: 0.039167
  type: 'test'
  ...
# Subtest: negative: discontiguous VariantPatch
ok 217 - negative: discontiguous VariantPatch
  ---
  duration_ms: 0.027334
  type: 'test'
  ...
# Subtest: negative: overlapping active/inactive VariantPatch
ok 218 - negative: overlapping active/inactive VariantPatch
  ---
  duration_ms: 0.029125
  type: 'test'
  ...
# Subtest: positive: evidence record
ok 219 - positive: evidence record
  ---
  duration_ms: 9.08875
  type: 'test'
  ...
# Subtest: positive: PartDefinition
ok 220 - positive: PartDefinition
  ---
  duration_ms: 6.701125
  type: 'test'
  ...
# Subtest: positive: PartInstance
ok 221 - positive: PartInstance
  ---
  duration_ms: 6.915
  type: 'test'
  ...
# Subtest: positive: printed designation
ok 222 - positive: printed designation
  ---
  duration_ms: 5.133542
  type: 'test'
  ...
# Subtest: positive: open conflict
ok 223 - positive: open conflict
  ---
  duration_ms: 4.074209
  type: 'test'
  ...
# Subtest: positive: derived measurement with reproducible method
ok 224 - positive: derived measurement with reproducible method
  ---
  duration_ms: 4.256791
  type: 'test'
  ...
# Subtest: positive: cuttable consumable identity
ok 225 - positive: cuttable consumable identity
  ---
  duration_ms: 4.631583
  type: 'test'
  ...
# Subtest: positive: source-scoped inventory allocation
ok 226 - positive: source-scoped inventory allocation
  ---
  duration_ms: 3.918583
  type: 'test'
  ...
# Subtest: positive: variant-scoped allocation
ok 227 - positive: variant-scoped allocation
  ---
  duration_ms: 4.116917
  type: 'test'
  ...
# Subtest: positive: unresolved measurement has no numeric payload
ok 228 - positive: unresolved measurement has no numeric payload
  ---
  duration_ms: 0.085333
  type: 'test'
  ...
# Subtest: positive: owned subelements are not supplied stock
ok 229 - positive: owned subelements are not supplied stock
  ---
  duration_ms: 0.032
  type: 'test'
  ...
# Subtest: positive: blocker graph link closes
ok 230 - positive: blocker graph link closes
  ---
  duration_ms: 4.302209
  type: 'test'
  ...
# Subtest: positive: resolved conflict retains both source claims and rationale
ok 231 - positive: resolved conflict retains both source claims and rationale
  ---
  duration_ms: 8.807041
  type: 'test'
  ...
# Subtest: positive: known nominal synthetic measurement; no PiCar dimension
ok 232 - positive: known nominal synthetic measurement; no PiCar dimension
  ---
  duration_ms: 21.102875
  type: 'test'
  ...
# Subtest: positive: supersession impact includes transitive dependents
ok 233 - positive: supersession impact includes transitive dependents
  ---
  duration_ms: 10.086875
  type: 'test'
  ...
# Subtest: positive: all 29 planning steps and three variants retained
ok 234 - positive: all 29 planning steps and three variants retained
  ---
  duration_ms: 0.442041
  type: 'test'
  ...
# Subtest: positive: printed hardware arithmetic and separate physical BLOCKED
ok 235 - positive: printed hardware arithmetic and separate physical BLOCKED
  ---
  duration_ms: 0.805958
  type: 'test'
  ...
# Subtest: positive: mechanical input change deterministic, presentation alone excluded
ok 236 - positive: mechanical input change deterministic, presentation alone excluded
  ---
  duration_ms: 40.816208
  type: 'test'
  ...
# Subtest: positive: process maturity never promotes identity confidence
ok 237 - positive: process maturity never promotes identity confidence
  ---
  duration_ms: 18.124541
  type: 'test'
  ...
# Subtest: negative: unclassified hash input
ok 238 - negative: unclassified hash input
  ---
  duration_ms: 0.630375
  type: 'test'
  ...
# Subtest: negative: hash input direct cycle
ok 239 - negative: hash input direct cycle
  ---
  duration_ms: 0.176292
  type: 'test'
  ...
# Subtest: negative: hash input transitive cycle
ok 240 - negative: hash input transitive cycle
  ---
  duration_ms: 0.141125
  type: 'test'
  ...
# Subtest: negative: output as own input
ok 241 - negative: output as own input
  ---
  duration_ms: 0.141084
  type: 'test'
  ...
# Subtest: negative: downstream hash in upstream artifact
ok 242 - negative: downstream hash in upstream artifact
  ---
  duration_ms: 0.135709
  type: 'test'
  ...
# Subtest: negative: wrong source-scoped ribbon variant rejected
ok 243 - negative: wrong source-scoped ribbon variant rejected
  ---
  duration_ms: 9.236875
  type: 'test'
  ...
# Subtest: negative: two patches overlap same variant and step
ok 244 - negative: two patches overlap same variant and step
  ---
  duration_ms: 5.450125
  type: 'test'
  ...
# Subtest: negative: missing immutable method bytes
ok 245 - negative: missing immutable method bytes
  ---
  duration_ms: 10.816083
  type: 'test'
  ...
# Subtest: positive: model-input canonicalization is independent of registry array order and set order
ok 246 - positive: model-input canonicalization is independent of registry array order and set order
  ---
  duration_ms: 18.214333
  type: 'test'
  ...
# Subtest: positive: retrieval timestamps excluded from evidence identity
ok 247 - positive: retrieval timestamps excluded from evidence identity
  ---
  duration_ms: 36.074667
  type: 'test'
  ...
# Subtest: negative: duplicate fastener subtype definition
ok 248 - negative: duplicate fastener subtype definition
  ---
  duration_ms: 5.627
  type: 'test'
  ...
# Subtest: negative: duplicate cable subtype definition
ok 249 - negative: duplicate cable subtype definition
  ---
  duration_ms: 5.483833
  type: 'test'
  ...
# Subtest: negative: integrated cable misclassified as loose stock
ok 250 - negative: integrated cable misclassified as loose stock
  ---
  duration_ms: 5.845708
  type: 'test'
  ...
# Subtest: negative: integrated cable endpoint on another owner
ok 251 - negative: integrated cable endpoint on another owner
  ---
  duration_ms: 4.748667
  type: 'test'
  ...
# Subtest: positive: integrated lead has owner-bound endpoint without extra stock
ok 252 - positive: integrated lead has owner-bound endpoint without extra stock
  ---
  duration_ms: 5.991458
  type: 'test'
  ...
# Subtest: negative: VERIFIED metric source lacks subject applicability
ok 253 - negative: VERIFIED metric source lacks subject applicability
  ---
  duration_ms: 3.667292
  type: 'test'
  ...
1..253
# tests 253
# suites 0
# pass 253
# fail 0
# cancelled 0
# skipped 0
# todo 0
# duration_ms 719.642417
