✔ rpi4: complete serialized operation corpus and full reverse (7792.041584ms)
✔ rpi4: all 29 step boundaries and arbitrary prefix derivation (9133.19725ms)
✔ rpi4: independent fresh process knows no expected snapshots (7095.805583ms)
✔ rpi4: complete inventory and owned/source conservation (46.324041ms)
✔ rpi4: grouped camera moves preserve connected ribbon, routing and members (0.208667ms)
✔ rpi4: typed unknown firewall and physical condition separation (0.131125ms)
✔ rpi5: complete serialized operation corpus and full reverse (7287.213666ms)
✔ rpi5: all 29 step boundaries and arbitrary prefix derivation (8944.472416ms)
✔ rpi5: independent fresh process knows no expected snapshots (7325.660041ms)
✔ rpi5: complete inventory and owned/source conservation (43.405625ms)
✔ rpi5: grouped camera moves preserve connected ribbon, routing and members (0.162958ms)
✔ rpi5: typed unknown firewall and physical condition separation (0.043083ms)
✔ rpi-zero-2-w: complete serialized operation corpus and full reverse (7575.469416ms)
✔ rpi-zero-2-w: all 29 step boundaries and arbitrary prefix derivation (9334.873333ms)
✔ rpi-zero-2-w: independent fresh process knows no expected snapshots (7773.168417ms)
✔ rpi-zero-2-w: complete inventory and owned/source conservation (51.299542ms)
✔ rpi-zero-2-w: grouped camera moves preserve connected ribbon, routing and members (0.141542ms)
✔ rpi-zero-2-w: typed unknown firewall and physical condition separation (0.028459ms)
✔ compiler determinism under registry set ordering (3207.46875ms)
✔ serialized fixtures cover every source-used tag (7.707833ms)
ℹ tests 20
ℹ suites 0
ℹ pass 20
ℹ fail 0
ℹ cancelled 0
ℹ skipped 0
ℹ todo 0
ℹ duration_ms 75824.388
