TAP version 13
# Subtest: reject: unsupported variant
ok 1 - reject: unsupported variant
  ---
  duration_ms: 5.317583
  type: 'test'
  ...
# Subtest: reject: missing printed step
ok 2 - reject: missing printed step
  ---
  duration_ms: 107.044
  type: 'test'
  ...
# Subtest: reject: duplicated printed number
ok 3 - reject: duplicated printed number
  ---
  duration_ms: 11.929083
  type: 'test'
  ...
# Subtest: reject: empty filler step
ok 4 - reject: empty filler step
  ---
  duration_ms: 11.08625
  type: 'test'
  ...
# Subtest: reject: duplicate typed graph ID
ok 5 - reject: duplicate typed graph ID
  ---
  duration_ms: 10.329834
  type: 'test'
  ...
# Subtest: reject: reversed step prerequisite
ok 6 - reject: reversed step prerequisite
  ---
  duration_ms: 11.730625
  type: 'test'
  ...
# Subtest: reject: wrong instance-qualified endpoint
ok 7 - reject: wrong instance-qualified endpoint
  ---
  duration_ms: 20.884083
  type: 'test'
  ...
# Subtest: reject: overlapping variant patches
ok 8 - reject: overlapping variant patches
  ---
  duration_ms: 12.042708
  type: 'test'
  ...
# Subtest: reject: discontiguous patch replacement
ok 9 - reject: discontiguous patch replacement
  ---
  duration_ms: 11.951916
  type: 'test'
  ...
# Subtest: reject: dangling branch operation
ok 10 - reject: dangling branch operation
  ---
  duration_ms: 10.711875
  type: 'test'
  ...
# Subtest: reject: active inactive intersection
ok 11 - reject: active inactive intersection
  ---
  duration_ms: 11.518333
  type: 'test'
  ...
# Subtest: reject: unknown patch instance
ok 12 - reject: unknown patch instance
  ---
  duration_ms: 10.789666
  type: 'test'
  ...
# Subtest: reject: foreign patch connection
ok 13 - reject: foreign patch connection
  ---
  duration_ms: 10.515791
  type: 'test'
  ...
# Subtest: reject: wrong selected board
ok 14 - reject: wrong selected board
  ---
  duration_ms: 149.224208
  type: 'test'
  ...
# Subtest: reject: S10 missing one screw
ok 15 - reject: S10 missing one screw
  ---
  duration_ms: 1687.535875
  type: 'test'
  ...
# Subtest: reject: S19 Washer B substitution
ok 16 - reject: S19 Washer B substitution
  ---
  duration_ms: 17.622208
  type: 'test'
  ...
# Subtest: reject: S19 wrong scoped servo zero
ok 17 - reject: S19 wrong scoped servo zero
  ---
  duration_ms: 1047.738125
  type: 'test'
  ...
# Subtest: reject: S21 rigid weld replaces free pivot
ok 18 - reject: S21 rigid weld replaces free pivot
  ---
  duration_ms: 1573.220458
  type: 'test'
  ...
# Subtest: reject: S25 wrong handed identity
ok 19 - reject: S25 wrong handed identity
  ---
  duration_ms: 14.499959
  type: 'test'
  ...
# Subtest: reject: S25 duplicate upper pivot instead of A D G incidence
ok 20 - reject: S25 duplicate upper pivot instead of A D G incidence
  ---
  duration_ms: 1627.712584
  type: 'test'
  ...
# Subtest: reject: S26 five Washer B stack
ok 21 - reject: S26 five Washer B stack
  ---
  duration_ms: 1583.955792
  type: 'test'
  ...
# Subtest: reject: S26 front rear wheel substitution
ok 22 - reject: S26 front rear wheel substitution
  ---
  duration_ms: 13.958375
  type: 'test'
  ...
# Subtest: reject: S27 steering front parent
ok 23 - reject: S27 steering front parent
  ---
  duration_ms: 1584.765042
  type: 'test'
  ...
# Subtest: reject: S27 wrong motor shaft role
ok 24 - reject: S27 wrong motor shaft role
  ---
  duration_ms: 1587.301917
  type: 'test'
  ...
# Subtest: reject: S29 wrong servo port role
ok 25 - reject: S29 wrong servo port role
  ---
  duration_ms: 1458.42625
  type: 'test'
  ...
# Subtest: reject: invented certified pin map
ok 26 - reject: invented certified pin map
  ---
  duration_ms: 1473.829458
  type: 'test'
  ...
# Subtest: reject: ultrasonic conflict silently closed
ok 27 - reject: ultrasonic conflict silently closed
  ---
  duration_ms: 1439.409167
  type: 'test'
  ...
# Subtest: reject: wrong rule operand phase
ok 28 - reject: wrong rule operand phase
  ---
  duration_ms: 12.703583
  type: 'test'
  ...
# Subtest: reject: wrong rule target family
ok 29 - reject: wrong rule target family
  ---
  duration_ms: 11.554458
  type: 'test'
  ...
# Subtest: reject: dangling known solution
ok 30 - reject: dangling known solution
  ---
  duration_ms: 11.809292
  type: 'test'
  ...
# Subtest: reject: unresolved numeric payload sneaks in value
ok 31 - reject: unresolved numeric payload sneaks in value
  ---
  duration_ms: 10.00625
  type: 'test'
  ...
# Subtest: reject: duplicate introduction
ok 32 - reject: duplicate introduction
  ---
  duration_ms: 8.538167
  type: 'test'
  ...
# Subtest: reject: unstaged attachment
ok 33 - reject: unstaged attachment
  ---
  duration_ms: 7.732
  type: 'test'
  ...
# Subtest: reject: undeclared installation neighbor
ok 34 - reject: undeclared installation neighbor
  ---
  duration_ms: 6.755209
  type: 'test'
  ...
# Subtest: reject: missing explicit fastener parent
ok 35 - reject: missing explicit fastener parent
  ---
  duration_ms: 6.680834
  type: 'test'
  ...
# Subtest: reject: concurrent double fastener use
ok 36 - reject: concurrent double fastener use
  ---
  duration_ms: 8.113083
  type: 'test'
  ...
# Subtest: reject: wrong ordered stack
ok 37 - reject: wrong ordered stack
  ---
  duration_ms: 6.448125
  type: 'test'
  ...
# Subtest: reject: rivet pin locks before body insertion
ok 38 - reject: rivet pin locks before body insertion
  ---
  duration_ms: 8.482708
  type: 'test'
  ...
# Subtest: reject: rivet pin is not an extra purchased item
ok 39 - reject: rivet pin is not an extra purchased item
  ---
  duration_ms: 7.265042
  type: 'test'
  ...
# Subtest: reject: duplicate owned element state
ok 40 - reject: duplicate owned element state
  ---
  duration_ms: 5.014041
  type: 'test'
  ...
# Subtest: reject: orphan physical stock
ok 41 - reject: orphan physical stock
  ---
  duration_ms: 4.722417
  type: 'test'
  ...
# Subtest: reject: simultaneous P11 occupants
ok 42 - reject: simultaneous P11 occupants
  ---
  duration_ms: 10.378041
  type: 'test'
  ...
# Subtest: reject: wrong qualified cable endpoint owner
ok 43 - reject: wrong qualified cable endpoint owner
  ---
  duration_ms: 8.473375
  type: 'test'
  ...
# Subtest: reject: wrong cable target port owner
ok 44 - reject: wrong cable target port owner
  ---
  duration_ms: 8.102416
  type: 'test'
  ...
# Subtest: reject: metric route without admitted solution
ok 45 - reject: metric route without admitted solution
  ---
  duration_ms: 7.348833
  type: 'test'
  ...
# Subtest: reject: duplicate consumable allocation
ok 46 - reject: duplicate consumable allocation
  ---
  duration_ms: 7.778459
  type: 'test'
  ...
# Subtest: reject: wrong consumable source lot
ok 47 - reject: wrong consumable source lot
  ---
  duration_ms: 6.974375
  type: 'test'
  ...
# Subtest: reject: consumable count cannot replace length
ok 48 - reject: consumable count cannot replace length
  ---
  duration_ms: 8.534458
  type: 'test'
  ...
# Subtest: reject: negative consumable amount
ok 49 - reject: negative consumable amount
  ---
  duration_ms: 8.337417
  type: 'test'
  ...
# Subtest: reject: apply without allocated piece
ok 50 - reject: apply without allocated piece
  ---
  duration_ms: 8.445125
  type: 'test'
  ...
# Subtest: reject: group parent membership mismatch
ok 51 - reject: group parent membership mismatch
  ---
  duration_ms: 6.92425
  type: 'test'
  ...
# Subtest: reject: nested group cycle
ok 52 - reject: nested group cycle
  ---
  duration_ms: 5.648916
  type: 'test'
  ...
# Subtest: reject: undeclared group cannot be invented
ok 53 - reject: undeclared group cannot be invented
  ---
  duration_ms: 6.872125
  type: 'test'
  ...
# Subtest: reject: undeclared joint DOF
ok 54 - reject: undeclared joint DOF
  ---
  duration_ms: 7.523208
  type: 'test'
  ...
# Subtest: reject: wrong rotational coordinate unit
ok 55 - reject: wrong rotational coordinate unit
  ---
  duration_ms: 8.517417
  type: 'test'
  ...
# Subtest: reject: duplicate qualified joint coordinate
ok 56 - reject: duplicate qualified joint coordinate
  ---
  duration_ms: 7.83325
  type: 'test'
  ...
# Subtest: reject: missing scoped zero requirement
ok 57 - reject: missing scoped zero requirement
  ---
  duration_ms: 8.705958
  type: 'test'
  ...
# Subtest: reject: zero condition without P11 connection
ok 58 - reject: zero condition without P11 connection
  ---
  duration_ms: 8.227375
  type: 'test'
  ...
# Subtest: reject: backing removal cannot spend another owner element
ok 59 - reject: backing removal cannot spend another owner element
  ---
  duration_ms: 7.42075
  type: 'test'
  ...
# Subtest: reject: stale serialized undo
ok 60 - reject: stale serialized undo
  ---
  duration_ms: 2.73375
  type: 'test'
  ...
# Subtest: reject: non-top serialized undo
ok 61 - reject: non-top serialized undo
  ---
  duration_ms: 2.893417
  type: 'test'
  ...
# Subtest: reject: forged prior-state inverse
ok 62 - reject: forged prior-state inverse
  ---
  duration_ms: 14.444
  type: 'test'
  ...
# Subtest: reject: hash-inconsistent state
ok 63 - reject: hash-inconsistent state
  ---
  duration_ms: 1.738542
  type: 'test'
  ...
# Subtest: reject: direct hash input cycle
ok 64 - reject: direct hash input cycle
  ---
  duration_ms: 1.622375
  type: 'test'
  ...
# Subtest: reject: transitive hash input cycle
ok 65 - reject: transitive hash input cycle
  ---
  duration_ms: 1.030167
  type: 'test'
  ...
# Subtest: reject: generated output as own input
ok 66 - reject: generated output as own input
  ---
  duration_ms: 1.071708
  type: 'test'
  ...
# Subtest: reject: unclassified graph input
ok 67 - reject: unclassified graph input
  ---
  duration_ms: 1.042542
  type: 'test'
  ...
# Subtest: reject: downstream toolchain identity used upstream
ok 68 - reject: downstream toolchain identity used upstream
  ---
  duration_ms: 0.936208
  type: 'test'
  ...
# Subtest: positive: explicit reused endpoint omission has no location write
ok 69 - positive: explicit reused endpoint omission has no location write
  ---
  duration_ms: 11.93725
  type: 'test'
  ...
# Subtest: positive: attachment can explicitly install one reused participant
ok 70 - positive: attachment can explicitly install one reused participant
  ---
  duration_ms: 11.937916
  type: 'test'
  ...
# Subtest: positive: integral lead connection and disconnection never promote owner
ok 71 - positive: integral lead connection and disconnection never promote owner
  ---
  duration_ms: 23.276125
  type: 'test'
  ...
# Subtest: positive: grouping tray members changes membership only
ok 72 - positive: grouping tray members changes membership only
  ---
  duration_ms: 12.551625
  type: 'test'
  ...
# Subtest: positive: known consumable capacity bound and overflow rejection
ok 73 - positive: known consumable capacity bound and overflow rejection
  ---
  duration_ms: 16.488833
  type: 'test'
  ...
# Subtest: positive: setJointReference full serialized fixture without invented production angle
ok 74 - positive: setJointReference full serialized fixture without invented production angle
  ---
  duration_ms: 44.205083
  type: 'test'
  ...
# Subtest: positive: authored order affects graph while set and appearance order does not
ok 75 - positive: authored order affects graph while set and appearance order does not
  ---
  duration_ms: 56.25
  type: 'test'
  ...
# Subtest: positive: rule phases keep physical and engineering proof BLOCKED
ok 76 - positive: rule phases keep physical and engineering proof BLOCKED
  ---
  duration_ms: 0.143042
  type: 'test'
  ...
# Subtest: save exact mutation outcomes
ok 77 - save exact mutation outcomes
  ---
  duration_ms: 0.269083
  type: 'test'
  ...
1..77
# tests 77
# suites 0
# pass 77
# fail 0
# cancelled 0
# skipped 0
# todo 0
# duration_ms 17767.019417
