TAP version 13
# Subtest: candidate evidence schema: PX-M5-EV-PI4-DRAWING
ok 1 - candidate evidence schema: PX-M5-EV-PI4-DRAWING
  ---
  duration_ms: 7.0685
  type: 'test'
  ...
# Subtest: candidate evidence schema: PX-M5-EV-PI5-DRAWING
ok 2 - candidate evidence schema: PX-M5-EV-PI5-DRAWING
  ---
  duration_ms: 0.876292
  type: 'test'
  ...
# Subtest: candidate evidence schema: PX-M5-EV-ZERO2W-DRAWING
ok 3 - candidate evidence schema: PX-M5-EV-ZERO2W-DRAWING
  ---
  duration_ms: 0.06175
  type: 'test'
  ...
# Subtest: candidate evidence schema: PX-M5-EV-PI5-STEP-ZIP
ok 4 - candidate evidence schema: PX-M5-EV-PI5-STEP-ZIP
  ---
  duration_ms: 0.052542
  type: 'test'
  ...
# Subtest: candidate evidence schema: PX-M5-EV-PICAR-INDEX
ok 5 - candidate evidence schema: PX-M5-EV-PICAR-INDEX
  ---
  duration_ms: 0.039041
  type: 'test'
  ...
# Subtest: candidate evidence schema: PX-M5-EV-HAT-INDEX
ok 6 - candidate evidence schema: PX-M5-EV-HAT-INDEX
  ---
  duration_ms: 0.039625
  type: 'test'
  ...
# Subtest: candidate evidence schema: PX-M5-EV-WHEEL-FORUM
ok 7 - candidate evidence schema: PX-M5-EV-WHEEL-FORUM
  ---
  duration_ms: 0.041583
  type: 'test'
  ...
# Subtest: candidate evidence schema: PX-M5-EV-DIMENSIONS-FORUM
ok 8 - candidate evidence schema: PX-M5-EV-DIMENSIONS-FORUM
  ---
  duration_ms: 0.031709
  type: 'test'
  ...
# Subtest: candidate evidence schema: PX-M5-EV-CAMERA
ok 9 - candidate evidence schema: PX-M5-EV-CAMERA
  ---
  duration_ms: 0.048792
  type: 'test'
  ...
# Subtest: candidate evidence schema: PX-M5-EV-ULTRASONIC
ok 10 - candidate evidence schema: PX-M5-EV-ULTRASONIC
  ---
  duration_ms: 0.06625
  type: 'test'
  ...
# Subtest: candidate evidence schema: PX-M5-EV-KIT-HAT
ok 11 - candidate evidence schema: PX-M5-EV-KIT-HAT
  ---
  duration_ms: 0.037458
  type: 'test'
  ...
# Subtest: candidate evidence schema: PX-M5-EV-ASSEMBLY
ok 12 - candidate evidence schema: PX-M5-EV-ASSEMBLY
  ---
  duration_ms: 0.15975
  type: 'test'
  ...
# Subtest: candidate evidence schema: PX-M5-EV-SERVO-ADJUST
ok 13 - candidate evidence schema: PX-M5-EV-SERVO-ADJUST
  ---
  duration_ms: 0.060833
  type: 'test'
  ...
# Subtest: candidate evidence schema: PX-M5-EV-HAT-V4-HARDWARE
ok 14 - candidate evidence schema: PX-M5-EV-HAT-V4-HARDWARE
  ---
  duration_ms: 0.035334
  type: 'test'
  ...
# Subtest: candidate evidence schema: PX-M5-EV-HAT-V5-HARDWARE
ok 15 - candidate evidence schema: PX-M5-EV-HAT-V5-HARDWARE
  ---
  duration_ms: 0.029125
  type: 'test'
  ...
# Subtest: candidate evidence schema: PX-M5-EV-BATTERY-V4
ok 16 - candidate evidence schema: PX-M5-EV-BATTERY-V4
  ---
  duration_ms: 0.028667
  type: 'test'
  ...
# Subtest: candidate family cannot replace identity: ROBOT-HAT
not ok 17 - candidate family cannot replace identity: ROBOT-HAT
  ---
  duration_ms: 7.025375
  type: 'test'
  location: '/Users/danny/Documents/Apps/PiCar/digital-twin/validation/expected/m5/component-evidence.test.mjs:12:2'
  failureType: 'testCodeFailure'
  error: |-
    The input did not match the regular expression /SOURCE_SCOPE_PROMOTION/. Input:
    
    'Error: UNKNOWN_REFERENCE: PX-V40-STEP-01'
    
  code: 'ERR_ASSERTION'
  name: 'AssertionError'
  expected:
  actual:
  error: 'UNKNOWN_REFERENCE: PX-V40-STEP-01'
  stack: |-
    resolve (file:///Users/danny/Documents/Apps/PiCar/digital-twin/tools/evidence/semantic.mjs:88:71)
    walk (file:///Users/danny/Documents/Apps/PiCar/digital-twin/tools/evidence/semantic.mjs:98:68)
    validateRegistry (file:///Users/danny/Documents/Apps/PiCar/digital-twin/tools/evidence/semantic.mjs:108:4)
    file:///Users/danny/Documents/Apps/PiCar/digital-twin/validation/expected/m5/component-evidence.test.mjs:15:21
    getActual (node:assert:580:5)
    strict.throws (node:assert:728:24)
    TestContext.<anonymous> (file:///Users/danny/Documents/Apps/PiCar/digital-twin/validation/expected/m5/component-evidence.test.mjs:15:10)
    Test.runInAsyncScope (node:async_hooks:226:14)
    Test.run (node:internal/test_runner/test:1402:25)
    Test.processPendingSubtests (node:internal/test_runner/test:974:18)
  operator: 'throws'
  stack: |-
    TestContext.<anonymous> (file:///Users/danny/Documents/Apps/PiCar/digital-twin/validation/expected/m5/component-evidence.test.mjs:15:10)
    Test.runInAsyncScope (node:async_hooks:226:14)
    Test.run (node:internal/test_runner/test:1402:25)
    Test.processPendingSubtests (node:internal/test_runner/test:974:18)
    Test.postRun (node:internal/test_runner/test:1542:19)
    Test.run (node:internal/test_runner/test:1467:12)
    async Test.processPendingSubtests (node:internal/test_runner/test:974:7)
  ...
# Subtest: candidate family cannot replace identity: SERVO-PAN
not ok 18 - candidate family cannot replace identity: SERVO-PAN
  ---
  duration_ms: 3.835792
  type: 'test'
  location: '/Users/danny/Documents/Apps/PiCar/digital-twin/validation/expected/m5/component-evidence.test.mjs:12:2'
  failureType: 'testCodeFailure'
  error: |-
    The input did not match the regular expression /SOURCE_SCOPE_PROMOTION/. Input:
    
    'Error: UNKNOWN_REFERENCE: PX-V40-STEP-01'
    
  code: 'ERR_ASSERTION'
  name: 'AssertionError'
  expected:
  actual:
  error: 'UNKNOWN_REFERENCE: PX-V40-STEP-01'
  stack: |-
    resolve (file:///Users/danny/Documents/Apps/PiCar/digital-twin/tools/evidence/semantic.mjs:88:71)
    walk (file:///Users/danny/Documents/Apps/PiCar/digital-twin/tools/evidence/semantic.mjs:98:68)
    validateRegistry (file:///Users/danny/Documents/Apps/PiCar/digital-twin/tools/evidence/semantic.mjs:108:4)
    file:///Users/danny/Documents/Apps/PiCar/digital-twin/validation/expected/m5/component-evidence.test.mjs:15:21
    getActual (node:assert:580:5)
    strict.throws (node:assert:728:24)
    TestContext.<anonymous> (file:///Users/danny/Documents/Apps/PiCar/digital-twin/validation/expected/m5/component-evidence.test.mjs:15:10)
    Test.runInAsyncScope (node:async_hooks:226:14)
    Test.run (node:internal/test_runner/test:1402:25)
    Test.processPendingSubtests (node:internal/test_runner/test:974:18)
  operator: 'throws'
  stack: |-
    TestContext.<anonymous> (file:///Users/danny/Documents/Apps/PiCar/digital-twin/validation/expected/m5/component-evidence.test.mjs:15:10)
    Test.runInAsyncScope (node:async_hooks:226:14)
    Test.run (node:internal/test_runner/test:1402:25)
    Test.processPendingSubtests (node:internal/test_runner/test:974:18)
    Test.postRun (node:internal/test_runner/test:1542:19)
    Test.run (node:internal/test_runner/test:1467:12)
    async Test.processPendingSubtests (node:internal/test_runner/test:974:7)
  ...
# Subtest: candidate family cannot replace identity: SERVO-TILT
not ok 19 - candidate family cannot replace identity: SERVO-TILT
  ---
  duration_ms: 2.619625
  type: 'test'
  location: '/Users/danny/Documents/Apps/PiCar/digital-twin/validation/expected/m5/component-evidence.test.mjs:12:2'
  failureType: 'testCodeFailure'
  error: |-
    The input did not match the regular expression /SOURCE_SCOPE_PROMOTION/. Input:
    
    'Error: UNKNOWN_REFERENCE: PX-V40-STEP-01'
    
  code: 'ERR_ASSERTION'
  name: 'AssertionError'
  expected:
  actual:
  error: 'UNKNOWN_REFERENCE: PX-V40-STEP-01'
  stack: |-
    resolve (file:///Users/danny/Documents/Apps/PiCar/digital-twin/tools/evidence/semantic.mjs:88:71)
    walk (file:///Users/danny/Documents/Apps/PiCar/digital-twin/tools/evidence/semantic.mjs:98:68)
    validateRegistry (file:///Users/danny/Documents/Apps/PiCar/digital-twin/tools/evidence/semantic.mjs:108:4)
    file:///Users/danny/Documents/Apps/PiCar/digital-twin/validation/expected/m5/component-evidence.test.mjs:15:21
    getActual (node:assert:580:5)
    strict.throws (node:assert:728:24)
    TestContext.<anonymous> (file:///Users/danny/Documents/Apps/PiCar/digital-twin/validation/expected/m5/component-evidence.test.mjs:15:10)
    Test.runInAsyncScope (node:async_hooks:226:14)
    Test.run (node:internal/test_runner/test:1402:25)
    Test.processPendingSubtests (node:internal/test_runner/test:974:18)
  operator: 'throws'
  stack: |-
    TestContext.<anonymous> (file:///Users/danny/Documents/Apps/PiCar/digital-twin/validation/expected/m5/component-evidence.test.mjs:15:10)
    Test.runInAsyncScope (node:async_hooks:226:14)
    Test.run (node:internal/test_runner/test:1402:25)
    Test.processPendingSubtests (node:internal/test_runner/test:974:18)
    Test.postRun (node:internal/test_runner/test:1542:19)
    Test.run (node:internal/test_runner/test:1467:12)
    async Test.processPendingSubtests (node:internal/test_runner/test:974:7)
  ...
# Subtest: candidate family cannot replace identity: SERVO-STEERING
not ok 20 - candidate family cannot replace identity: SERVO-STEERING
  ---
  duration_ms: 2.522125
  type: 'test'
  location: '/Users/danny/Documents/Apps/PiCar/digital-twin/validation/expected/m5/component-evidence.test.mjs:12:2'
  failureType: 'testCodeFailure'
  error: |-
    The input did not match the regular expression /SOURCE_SCOPE_PROMOTION/. Input:
    
    'Error: UNKNOWN_REFERENCE: PX-V40-STEP-01'
    
  code: 'ERR_ASSERTION'
  name: 'AssertionError'
  expected:
  actual:
  error: 'UNKNOWN_REFERENCE: PX-V40-STEP-01'
  stack: |-
    resolve (file:///Users/danny/Documents/Apps/PiCar/digital-twin/tools/evidence/semantic.mjs:88:71)
    walk (file:///Users/danny/Documents/Apps/PiCar/digital-twin/tools/evidence/semantic.mjs:98:68)
    validateRegistry (file:///Users/danny/Documents/Apps/PiCar/digital-twin/tools/evidence/semantic.mjs:108:4)
    file:///Users/danny/Documents/Apps/PiCar/digital-twin/validation/expected/m5/component-evidence.test.mjs:15:21
    getActual (node:assert:580:5)
    strict.throws (node:assert:728:24)
    TestContext.<anonymous> (file:///Users/danny/Documents/Apps/PiCar/digital-twin/validation/expected/m5/component-evidence.test.mjs:15:10)
    Test.runInAsyncScope (node:async_hooks:226:14)
    Test.run (node:internal/test_runner/test:1402:25)
    Test.processPendingSubtests (node:internal/test_runner/test:974:18)
  operator: 'throws'
  stack: |-
    TestContext.<anonymous> (file:///Users/danny/Documents/Apps/PiCar/digital-twin/validation/expected/m5/component-evidence.test.mjs:15:10)
    Test.runInAsyncScope (node:async_hooks:226:14)
    Test.run (node:internal/test_runner/test:1402:25)
    Test.processPendingSubtests (node:internal/test_runner/test:974:18)
    Test.postRun (node:internal/test_runner/test:1542:19)
    Test.run (node:internal/test_runner/test:1467:12)
    async Test.processPendingSubtests (node:internal/test_runner/test:974:7)
  ...
# Subtest: candidate family cannot replace identity: MOTOR-LEFT
not ok 21 - candidate family cannot replace identity: MOTOR-LEFT
  ---
  duration_ms: 3.799875
  type: 'test'
  location: '/Users/danny/Documents/Apps/PiCar/digital-twin/validation/expected/m5/component-evidence.test.mjs:12:2'
  failureType: 'testCodeFailure'
  error: |-
    The input did not match the regular expression /SOURCE_SCOPE_PROMOTION/. Input:
    
    'Error: UNKNOWN_REFERENCE: PX-V40-STEP-01'
    
  code: 'ERR_ASSERTION'
  name: 'AssertionError'
  expected:
  actual:
  error: 'UNKNOWN_REFERENCE: PX-V40-STEP-01'
  stack: |-
    resolve (file:///Users/danny/Documents/Apps/PiCar/digital-twin/tools/evidence/semantic.mjs:88:71)
    walk (file:///Users/danny/Documents/Apps/PiCar/digital-twin/tools/evidence/semantic.mjs:98:68)
    validateRegistry (file:///Users/danny/Documents/Apps/PiCar/digital-twin/tools/evidence/semantic.mjs:108:4)
    file:///Users/danny/Documents/Apps/PiCar/digital-twin/validation/expected/m5/component-evidence.test.mjs:15:21
    getActual (node:assert:580:5)
    strict.throws (node:assert:728:24)
    TestContext.<anonymous> (file:///Users/danny/Documents/Apps/PiCar/digital-twin/validation/expected/m5/component-evidence.test.mjs:15:10)
    Test.runInAsyncScope (node:async_hooks:226:14)
    Test.run (node:internal/test_runner/test:1402:25)
    Test.processPendingSubtests (node:internal/test_runner/test:974:18)
  operator: 'throws'
  stack: |-
    TestContext.<anonymous> (file:///Users/danny/Documents/Apps/PiCar/digital-twin/validation/expected/m5/component-evidence.test.mjs:15:10)
    Test.runInAsyncScope (node:async_hooks:226:14)
    Test.run (node:internal/test_runner/test:1402:25)
    Test.processPendingSubtests (node:internal/test_runner/test:974:18)
    Test.postRun (node:internal/test_runner/test:1542:19)
    Test.run (node:internal/test_runner/test:1467:12)
    async Test.processPendingSubtests (node:internal/test_runner/test:974:7)
  ...
# Subtest: candidate family cannot replace identity: ULTRASONIC
not ok 22 - candidate family cannot replace identity: ULTRASONIC
  ---
  duration_ms: 3.677375
  type: 'test'
  location: '/Users/danny/Documents/Apps/PiCar/digital-twin/validation/expected/m5/component-evidence.test.mjs:12:2'
  failureType: 'testCodeFailure'
  error: |-
    The input did not match the regular expression /SOURCE_SCOPE_PROMOTION/. Input:
    
    'Error: UNKNOWN_REFERENCE: PX-V40-STEP-01'
    
  code: 'ERR_ASSERTION'
  name: 'AssertionError'
  expected:
  actual:
  error: 'UNKNOWN_REFERENCE: PX-V40-STEP-01'
  stack: |-
    resolve (file:///Users/danny/Documents/Apps/PiCar/digital-twin/tools/evidence/semantic.mjs:88:71)
    walk (file:///Users/danny/Documents/Apps/PiCar/digital-twin/tools/evidence/semantic.mjs:98:68)
    validateRegistry (file:///Users/danny/Documents/Apps/PiCar/digital-twin/tools/evidence/semantic.mjs:108:4)
    file:///Users/danny/Documents/Apps/PiCar/digital-twin/validation/expected/m5/component-evidence.test.mjs:15:21
    getActual (node:assert:580:5)
    strict.throws (node:assert:728:24)
    TestContext.<anonymous> (file:///Users/danny/Documents/Apps/PiCar/digital-twin/validation/expected/m5/component-evidence.test.mjs:15:10)
    Test.runInAsyncScope (node:async_hooks:226:14)
    Test.run (node:internal/test_runner/test:1402:25)
    Test.processPendingSubtests (node:internal/test_runner/test:974:18)
  operator: 'throws'
  stack: |-
    TestContext.<anonymous> (file:///Users/danny/Documents/Apps/PiCar/digital-twin/validation/expected/m5/component-evidence.test.mjs:15:10)
    Test.runInAsyncScope (node:async_hooks:226:14)
    Test.run (node:internal/test_runner/test:1402:25)
    Test.processPendingSubtests (node:internal/test_runner/test:974:18)
    Test.postRun (node:internal/test_runner/test:1542:19)
    Test.run (node:internal/test_runner/test:1467:12)
    async Test.processPendingSubtests (node:internal/test_runner/test:974:7)
  ...
# Subtest: candidate family cannot replace identity: PI5
not ok 23 - candidate family cannot replace identity: PI5
  ---
  duration_ms: 4.332083
  type: 'test'
  location: '/Users/danny/Documents/Apps/PiCar/digital-twin/validation/expected/m5/component-evidence.test.mjs:12:2'
  failureType: 'testCodeFailure'
  error: |-
    The input did not match the regular expression /SOURCE_SCOPE_PROMOTION/. Input:
    
    'Error: UNKNOWN_REFERENCE: PX-V40-STEP-01'
    
  code: 'ERR_ASSERTION'
  name: 'AssertionError'
  expected:
  actual:
  error: 'UNKNOWN_REFERENCE: PX-V40-STEP-01'
  stack: |-
    resolve (file:///Users/danny/Documents/Apps/PiCar/digital-twin/tools/evidence/semantic.mjs:88:71)
    walk (file:///Users/danny/Documents/Apps/PiCar/digital-twin/tools/evidence/semantic.mjs:98:68)
    validateRegistry (file:///Users/danny/Documents/Apps/PiCar/digital-twin/tools/evidence/semantic.mjs:108:4)
    file:///Users/danny/Documents/Apps/PiCar/digital-twin/validation/expected/m5/component-evidence.test.mjs:15:21
    getActual (node:assert:580:5)
    strict.throws (node:assert:728:24)
    TestContext.<anonymous> (file:///Users/danny/Documents/Apps/PiCar/digital-twin/validation/expected/m5/component-evidence.test.mjs:15:10)
    Test.runInAsyncScope (node:async_hooks:226:14)
    Test.run (node:internal/test_runner/test:1402:25)
    Test.processPendingSubtests (node:internal/test_runner/test:974:18)
  operator: 'throws'
  stack: |-
    TestContext.<anonymous> (file:///Users/danny/Documents/Apps/PiCar/digital-twin/validation/expected/m5/component-evidence.test.mjs:15:10)
    Test.runInAsyncScope (node:async_hooks:226:14)
    Test.run (node:internal/test_runner/test:1402:25)
    Test.processPendingSubtests (node:internal/test_runner/test:974:18)
    Test.postRun (node:internal/test_runner/test:1542:19)
    Test.run (node:internal/test_runner/test:1467:12)
    async Test.processPendingSubtests (node:internal/test_runner/test:974:7)
  ...
# Subtest: camera prose dimensions cannot become engineering input
not ok 24 - camera prose dimensions cannot become engineering input
  ---
  duration_ms: 3.605417
  type: 'test'
  location: '/Users/danny/Documents/Apps/PiCar/digital-twin/validation/expected/m5/component-evidence.test.mjs:19:2'
  failureType: 'testCodeFailure'
  error: |-
    The input did not match the regular expression /SOURCE_SCOPE_PROMOTION/. Input:
    
    'Error: UNKNOWN_REFERENCE: PX-V40-STEP-01'
    
  code: 'ERR_ASSERTION'
  name: 'AssertionError'
  expected:
  actual:
  error: 'UNKNOWN_REFERENCE: PX-V40-STEP-01'
  stack: |-
    resolve (file:///Users/danny/Documents/Apps/PiCar/digital-twin/tools/evidence/semantic.mjs:88:71)
    walk (file:///Users/danny/Documents/Apps/PiCar/digital-twin/tools/evidence/semantic.mjs:98:68)
    validateRegistry (file:///Users/danny/Documents/Apps/PiCar/digital-twin/tools/evidence/semantic.mjs:108:4)
    file:///Users/danny/Documents/Apps/PiCar/digital-twin/validation/expected/m5/component-evidence.test.mjs:23:21
    getActual (node:assert:580:5)
    strict.throws (node:assert:728:24)
    TestContext.<anonymous> (file:///Users/danny/Documents/Apps/PiCar/digital-twin/validation/expected/m5/component-evidence.test.mjs:23:10)
    Test.runInAsyncScope (node:async_hooks:226:14)
    Test.run (node:internal/test_runner/test:1402:25)
    Test.processPendingSubtests (node:internal/test_runner/test:974:18)
  operator: 'throws'
  stack: |-
    TestContext.<anonymous> (file:///Users/danny/Documents/Apps/PiCar/digital-twin/validation/expected/m5/component-evidence.test.mjs:23:10)
    Test.runInAsyncScope (node:async_hooks:226:14)
    Test.run (node:internal/test_runner/test:1402:25)
    Test.processPendingSubtests (node:internal/test_runner/test:974:18)
    Test.postRun (node:internal/test_runner/test:1542:19)
    Test.run (node:internal/test_runner/test:1467:12)
    async Test.processPendingSubtests (node:internal/test_runner/test:974:7)
  ...
# Subtest: camera specification dimensions cannot become engineering input
not ok 25 - camera specification dimensions cannot become engineering input
  ---
  duration_ms: 2.515792
  type: 'test'
  location: '/Users/danny/Documents/Apps/PiCar/digital-twin/validation/expected/m5/component-evidence.test.mjs:19:2'
  failureType: 'testCodeFailure'
  error: |-
    The input did not match the regular expression /SOURCE_SCOPE_PROMOTION/. Input:
    
    'Error: UNKNOWN_REFERENCE: PX-V40-STEP-01'
    
  code: 'ERR_ASSERTION'
  name: 'AssertionError'
  expected:
  actual:
  error: 'UNKNOWN_REFERENCE: PX-V40-STEP-01'
  stack: |-
    resolve (file:///Users/danny/Documents/Apps/PiCar/digital-twin/tools/evidence/semantic.mjs:88:71)
    walk (file:///Users/danny/Documents/Apps/PiCar/digital-twin/tools/evidence/semantic.mjs:98:68)
    validateRegistry (file:///Users/danny/Documents/Apps/PiCar/digital-twin/tools/evidence/semantic.mjs:108:4)
    file:///Users/danny/Documents/Apps/PiCar/digital-twin/validation/expected/m5/component-evidence.test.mjs:23:21
    getActual (node:assert:580:5)
    strict.throws (node:assert:728:24)
    TestContext.<anonymous> (file:///Users/danny/Documents/Apps/PiCar/digital-twin/validation/expected/m5/component-evidence.test.mjs:23:10)
    Test.runInAsyncScope (node:async_hooks:226:14)
    Test.run (node:internal/test_runner/test:1402:25)
    Test.processPendingSubtests (node:internal/test_runner/test:974:18)
  operator: 'throws'
  stack: |-
    TestContext.<anonymous> (file:///Users/danny/Documents/Apps/PiCar/digital-twin/validation/expected/m5/component-evidence.test.mjs:23:10)
    Test.runInAsyncScope (node:async_hooks:226:14)
    Test.run (node:internal/test_runner/test:1402:25)
    Test.processPendingSubtests (node:internal/test_runner/test:974:18)
    Test.postRun (node:internal/test_runner/test:1542:19)
    Test.run (node:internal/test_runner/test:1467:12)
    async Test.processPendingSubtests (node:internal/test_runner/test:974:7)
  ...
# Subtest: camera averaged dimensions cannot become engineering input
not ok 26 - camera averaged dimensions cannot become engineering input
  ---
  duration_ms: 3.220792
  type: 'test'
  location: '/Users/danny/Documents/Apps/PiCar/digital-twin/validation/expected/m5/component-evidence.test.mjs:19:2'
  failureType: 'testCodeFailure'
  error: |-
    The input did not match the regular expression /SOURCE_SCOPE_PROMOTION/. Input:
    
    'Error: UNKNOWN_REFERENCE: PX-V40-STEP-01'
    
  code: 'ERR_ASSERTION'
  name: 'AssertionError'
  expected:
  actual:
  error: 'UNKNOWN_REFERENCE: PX-V40-STEP-01'
  stack: |-
    resolve (file:///Users/danny/Documents/Apps/PiCar/digital-twin/tools/evidence/semantic.mjs:88:71)
    walk (file:///Users/danny/Documents/Apps/PiCar/digital-twin/tools/evidence/semantic.mjs:98:68)
    validateRegistry (file:///Users/danny/Documents/Apps/PiCar/digital-twin/tools/evidence/semantic.mjs:108:4)
    file:///Users/danny/Documents/Apps/PiCar/digital-twin/validation/expected/m5/component-evidence.test.mjs:23:21
    getActual (node:assert:580:5)
    strict.throws (node:assert:728:24)
    TestContext.<anonymous> (file:///Users/danny/Documents/Apps/PiCar/digital-twin/validation/expected/m5/component-evidence.test.mjs:23:10)
    Test.runInAsyncScope (node:async_hooks:226:14)
    Test.run (node:internal/test_runner/test:1402:25)
    Test.processPendingSubtests (node:internal/test_runner/test:974:18)
  operator: 'throws'
  stack: |-
    TestContext.<anonymous> (file:///Users/danny/Documents/Apps/PiCar/digital-twin/validation/expected/m5/component-evidence.test.mjs:23:10)
    Test.runInAsyncScope (node:async_hooks:226:14)
    Test.run (node:internal/test_runner/test:1402:25)
    Test.processPendingSubtests (node:internal/test_runner/test:974:18)
    Test.postRun (node:internal/test_runner/test:1542:19)
    Test.run (node:internal/test_runner/test:1467:12)
    async Test.processPendingSubtests (node:internal/test_runner/test:974:7)
  ...
# Subtest: acquisition scope retains both original open conflicts
ok 27 - acquisition scope retains both original open conflicts
  ---
  duration_ms: 0.324041
  type: 'test'
  ...
# Subtest: 50 purchased definitions and six owner-bound leads retain exact accounting
ok 28 - 50 purchased definitions and six owner-bound leads retain exact accounting
  ---
  duration_ms: 0.207292
  type: 'test'
  ...
1..28
# tests 28
# suites 0
# pass 18
# fail 10
# cancelled 0
# skipped 0
# todo 0
# duration_ms 138.694042
