✔ positive: zeroing attestation binding without consumption (9.268333ms)
✔ negative: attestation different session (0.392375ms)
✔ negative: attestation different model (0.216584ms)
✔ negative: attestation different variant (0.127042ms)
✔ negative: attestation different servo epoch (0.079541ms)
✔ negative: attestation missing epoch (0.105708ms)
✔ negative: attestation wrong operation scope (0.086125ms)
✔ negative: attestation invalid creation time (0.11ms)
✔ negative: attestation missing dependency scope (0.217958ms)
✔ positive: ProcedureAcknowledgment binding without storage (5.12075ms)
✔ negative: ProcedureAcknowledgment without procedure revision (0.116875ms)
✔ audited finite semantic fixture: zero-quaternion-rejected (0.85475ms)
✔ audited finite semantic fixture: unit-runtime-quaternion (0.09975ms)
✔ audited finite semantic fixture: duplicate-ids (0.058334ms)
✔ audited finite semantic fixture: unique-ids (0.0325ms)
✔ audited finite semantic fixture: qualified-left-instance (0.105125ms)
✔ audited finite semantic fixture: wrong-definition-interface (0.072625ms)
✔ audited finite semantic fixture: patch-contiguous (0.110625ms)
✔ audited finite semantic fixture: patch-discontiguous (0.092125ms)
✔ audited finite semantic fixture: variant-active-inactive-overlap (0.071375ms)
✔ audited finite semantic fixture: m0-unique-gates (0.197875ms)
✔ audited finite semantic fixture: m0-duplicate-gate-does-not-pass (0.175917ms)
✔ audited finite semantic fixture: m0-permission-exact-equivalence (0.104208ms)
✔ audited finite semantic fixture: source-lock-branch-map (0.140167ms)
✔ audited finite semantic fixture: source-lock-missing-zero-branch (0.064417ms)
✔ audited finite semantic fixture: source-lock-inverted-rect (0.042916ms)
✔ audited finite semantic fixture: admission-complete-context-closure (0.09675ms)
✔ audited finite semantic fixture: missing-context-part-blocks-admission (0.025375ms)
✔ audited finite semantic fixture: official-approximate-is-not-exact (0.050125ms)
✔ audited finite semantic fixture: printed-transcription-scope-retained (0.023084ms)
✔ audited finite semantic fixture: fixture-receipt-cannot-admit-real-part (0.019542ms)
✔ audited finite semantic fixture: fixture-receipt-in-fixture-lane (0.018542ms)
✔ positive JCS vector: exponents (0.813959ms)
✔ positive JCS vector: unicode-utf16-order (0.155792ms)
✔ positive JCS vector: sorted-id-set (0.090959ms)
✔ positive JCS vector: safe-integer-count (0.212584ms)
✔ positive JCS vector: strings-and-authored-order (0.158208ms)
✔ positive JCS vector: large-non-count-number (0.101417ms)
✔ positive JCS vector: ieee754-non-count-rounding (0.062583ms)
✔ negative JCS vector: negative-zero (0.211167ms)
✔ negative JCS vector: negative-zero-exponent (0.059667ms)
✔ negative JCS vector: negative-underflow (0.0845ms)
✔ negative JCS vector: infinity (0.097458ms)
✔ negative JCS vector: negative-infinity (0.036667ms)
✔ negative JCS vector: nan (0.063708ms)
✔ negative JCS vector: duplicate-key (0.109459ms)
✔ negative JCS vector: escaped-duplicate-key (0.082ms)
✔ negative JCS vector: nested-duplicate (0.061ms)
✔ negative JCS vector: lone-surrogate (0.057833ms)
✔ negative JCS vector: lone-surrogate-key (0.03625ms)
✔ negative JCS vector: unsafe-revision (0.035167ms)
✔ negative JCS vector: unsafe-count (0.033333ms)
✔ negative JCS vector: fractional-revision (0.029291ms)
✔ negative JCS vector: fractional-predicate-version (0.032083ms)
✔ negative JCS vector: unsafe-contract-version (0.083583ms)
✔ negative programmatic numeric: NaN (0.123375ms)
✔ negative programmatic numeric: Infinity (0.061167ms)
✔ negative programmatic numeric: -Infinity (0.029125ms)
✔ negative programmatic numeric: negative zero (0.085125ms)
✔ domain separation and raw bytes are distinct (0.471916ms)
✔ cross-language results match exact canonical bytes, hashes and rejection reasons (1.382375ms)
✔ hash inputs are exhaustively classified and acyclic (2.254125ms)
✔ production schema meta-validation: AdmissionReport.schema.json (1.633667ms)
✔ production schema meta-validation: AssemblyOperation.schema.json (0.090166ms)
✔ production schema meta-validation: AssemblySession.schema.json (0.033375ms)
✔ production schema meta-validation: AssemblySolution.schema.json (0.029791ms)
✔ production schema meta-validation: AssemblyState.schema.json (0.042708ms)
✔ production schema meta-validation: AssemblyStep.schema.json (0.026125ms)
✔ production schema meta-validation: CableConnection.schema.json (0.024125ms)
✔ production schema meta-validation: CableDefinition.schema.json (0.020375ms)
✔ production schema meta-validation: CameraInstruction.schema.json (0.031459ms)
✔ production schema meta-validation: Claim.schema.json (0.093666ms)
✔ production schema meta-validation: CompiledGraph.schema.json (0.031375ms)
✔ production schema meta-validation: ConflictRecord.schema.json (0.021791ms)
✔ production schema meta-validation: ConnectionPoint.schema.json (0.016416ms)
✔ production schema meta-validation: DerivationRecord.schema.json (0.013875ms)
✔ production schema meta-validation: EvidenceRecord.schema.json (0.024958ms)
✔ production schema meta-validation: FastenerDefinition.schema.json (0.014625ms)
✔ production schema meta-validation: FrameRecord.schema.json (0.014334ms)
✔ production schema meta-validation: GeometrySource.schema.json (0.020875ms)
✔ production schema meta-validation: Measurement.schema.json (0.020542ms)
✔ production schema meta-validation: MechanicalConnection.schema.json (0.019375ms)
✔ production schema meta-validation: MechanicalInterface.schema.json (0.110708ms)
✔ production schema meta-validation: MotionInstruction.schema.json (0.037708ms)
✔ production schema meta-validation: OperationUndo.schema.json (0.018875ms)
✔ production schema meta-validation: PartDefinition.schema.json (0.0155ms)
✔ production schema meta-validation: PartInstance.schema.json (0.013417ms)
✔ production schema meta-validation: ProcedureAcknowledgment.schema.json (0.022083ms)
✔ production schema meta-validation: RuntimeManifest.schema.json (0.011666ms)
✔ production schema meta-validation: RuntimeRegistry.schema.json (0.011166ms)
✔ production schema meta-validation: RuntimeTransform.schema.json (0.011958ms)
✔ production schema meta-validation: ToolRequirement.schema.json (0.017917ms)
✔ production schema meta-validation: UnresolvedEvidenceItem.schema.json (0.011375ms)
✔ production schema meta-validation: VariantPatch.schema.json (0.014ms)
✔ production schema meta-validation: VariantRule.schema.json (0.011375ms)
✔ production schema meta-validation: VerificationRule.schema.json (0.015458ms)
✔ production schema meta-validation: VisibilityRule.schema.json (0.01125ms)
✔ production schema meta-validation: Warning.schema.json (0.01025ms)
✔ production schema meta-validation: ZeroingAttestation.schema.json (0.009792ms)
✔ production schema meta-validation: digital-twin.schema.json (1.033083ms)
✔ production schema meta-validation: documentation-source-lock.schema.json (0.080083ms)
✔ production schema meta-validation: m0-gate-report.schema.json (0.052375ms)
✔ production schema meta-validation: m1-g-data-report.schema.json (0.2555ms)
✔ production schema meta-validation: m1-inventory.schema.json (0.121166ms)
✔ production schema meta-validation: m2-search-index.schema.json (0.065167ms)
✔ production schema meta-validation: planning-step-seed.schema.json (0.090125ms)
✔ audited current shape: full-state-can-store-routes-and-allocations (12.820709ms)
✔ audited current shape: hash-only-stock-state-no-longer-complete (0.112042ms)
✔ audited current shape: truthful-pre-export-cad-without-mesh (16.830209ms)
✔ audited current shape: pass-with-blocker-rejected (0.14325ms)
✔ audited current shape: geometry-final-stage-shape (0.069333ms)
✔ audited current shape: geometry-empty-step-scope-rejected (0.136417ms)
✔ audited current shape: geometry-pass-missing-mesh-rejected (0.091666ms)
✔ audited current shape: blocked-missing-artifact-is-representable (0.066167ms)
✔ audited current shape: variant-patch-has-addressable-id (2.576209ms)
✔ audited current shape: variant-patch-without-id-rejected (0.053375ms)
✔ audited current shape: empty-unanchored-replacement-rejected (0.03125ms)
✔ audited current shape: bare-physical-guide-id-rejected (12.98025ms)
✔ audited current shape: qualified-guide-reference-accepted (0.059916ms)
✔ audited current shape: bare-joint-interface-key-rejected (0.513834ms)
✔ audited current shape: joint-key-is-connection-and-dof (0.050875ms)
✔ audited current shape: runtime-metres-not-cad-mm (2.003958ms)
✔ audited current shape: runtime-rejects-cad-frame (0.043667ms)
✔ audited current shape: runtime-translationMm-not-allowed (0.026667ms)
✔ audited current shape: zero-quaternion-is-semantic-not-schema-error (0.018333ms)
✔ audited current shape: structured-zeroing-attestation (3.404083ms)
✔ audited current shape: movement-not-denied-is-not-valid-attestation (0.160792ms)
✔ audited current shape: attestation-missing-servo-is-rejected (0.06675ms)
✔ audited current shape: typed-rule-expected-operand (7.426083ms)
✔ audited current shape: rule-without-expected-operand-rejected (0.060042ms)
✔ audited current shape: compiled-graph-explicit-operation-registry (26.22875ms)
✔ audited current shape: compiled-graph-missing-operations (0.072917ms)
✔ audited current shape: solution-stable-id-and-runtime-unit (5.009334ms)
✔ audited current shape: runtime-asset-complete-synthetic-shape (3.433292ms)
✔ audited current shape: unsafe-path-28 (0.060667ms)
✔ audited current shape: unsafe-path-29 (0.03ms)
✔ audited current shape: unsafe-path-30 (0.081875ms)
✔ audited current shape: unsafe-path-31 (0.036833ms)
✔ audited current shape: unsafe-path-32 (0.098917ms)
✔ audited current shape: unsafe-path-33 (0.048ms)
✔ audited current shape: manifest-has-explicit-graph-artifact (18.778125ms)
✔ audited current shape: manifest-missing-graph-artifact-rejected (0.084583ms)
✔ audited current shape: manifest-rejects-mm-interface-frame (0.044375ms)
✔ audited current shape: operation-tag-introduce (0.038208ms)
✔ audited current shape: operation-tag-attachRigid (0.024875ms)
✔ audited current shape: operation-tag-attachJoint (0.021125ms)
✔ audited current shape: operation-tag-installFastener (0.022ms)
✔ audited current shape: operation-tag-insertRivet (0.022042ms)
✔ audited current shape: operation-tag-lockRivet (0.038292ms)
✔ audited current shape: operation-tag-connectCableEnd (0.036292ms)
✔ audited current shape: operation-tag-disconnectCableEnd (0.023959ms)
✔ audited current shape: operation-tag-routeCable (0.01875ms)
✔ audited current shape: operation-tag-allocateConsumable (0.319083ms)
✔ audited current shape: operation-tag-applyConsumable (0.019583ms)
✔ audited current shape: operation-tag-acknowledgeProcedure (0.015375ms)
✔ audited current shape: operation-tag-confirmZeroing (0.01475ms)
✔ audited current shape: operation-tag-groupSubassembly (0.016708ms)
✔ audited current shape: operation-tag-moveSubassembly (0.015333ms)
✔ audited current shape: operation-tag-setJointReference (0.021375ms)
✔ audited current shape: operation-tag-removeOwnedBacking (0.015042ms)
✔ audited current shape: operation-hidden-payload-field-rejected (0.02875ms)
✔ audited current shape: source-lock-template-stays-blocked (3.26525ms)
✔ audited current shape: verified-source-lock-complete-shape-only (0.500958ms)
✔ audited current shape: verified-source-lock-missing-pdf-hash (0.338709ms)
✔ audited current shape: verified-source-lock-missing-panels (0.218167ms)
✔ audited current shape: m0-required-pass-native-explicitly-blocked (1.814416ms)
✔ audited current shape: m0-source-blocked-cannot-allow-m1 (0.448917ms)
✔ audited current shape: runtime-registry-closed-families (36.218458ms)
✔ audited current shape: runtime-registry-no-undeclared-map (0.056792ms)
✔ audited example: mechanical-interface.valid.json (5.462417ms)
✔ audited example: numeric-derived-schema-only.valid.json (4.495875ms)
✔ audited example: numeric-derived-without-method.invalid.json (0.673542ms)
✔ audited example: numeric-unresolved-with-value.invalid.json (0.335917ms)
✔ audited example: numeric-unresolved.valid.json (0.494041ms)
✔ audited example: part-definition.valid.json (4.092458ms)
✔ audited example: printed-designation-claim.valid.json (3.134792ms)
✔ audited example: unknown-field-definition.invalid.json (0.372084ms)
✔ audited example: verified-claim-without-evidence.invalid.json (0.243125ms)
✔ audited v2 production schema and wrappers are byte-preserved (5.292958ms)
✔ negative: unknown numeric with payload (6.445291ms)
✔ negative: unresolved numeric wrong confidence (0.117083ms)
✔ negative: known numeric unresolved confidence (0.057417ms)
✔ negative: VERIFIED claim without evidence (23.193ms)
✔ negative: unknown reference (18.398166ms)
✔ negative: wrong reference type (4.399625ms)
✔ negative: duplicate stable ID (2.577291ms)
✔ negative: DERIVED numeric without record (15.80575ms)
✔ negative: derivation unresolved method artifact (157.43425ms)
✔ negative: derivation unsupported method (8.38175ms)
✔ negative: derivation changed immutable method hash (13.079958ms)
✔ negative: derivation reproduction mismatch (7.890833ms)
✔ negative: derivation lost uncertainty (8.317208ms)
✔ negative: derivation incompatible units (6.703ms)
✔ negative: derivation source limitation lost (8.457084ms)
✔ negative: duplicate physical allocation (8.344708ms)
✔ negative: owned rivet pin double-counted as supplied stock (3.905084ms)
✔ negative: invalid variant reference (4.753333ms)
✔ negative: wrong definition revision (4.171375ms)
✔ negative: probable generic HAT identity promoted without proof (3.5055ms)
✔ negative: official reference approximation promoted to exact (3.368667ms)
✔ negative: source limitations silently discarded (3.478625ms)
✔ negative: open conflict treated as resolved (3.641792ms)
✔ negative: resolved conflict lacking resolution (3.2025ms)
✔ negative: resolved conflict loses competing claims (4.32925ms)
✔ negative: rule incompatible comparator (6.7385ms)
✔ negative: rule incompatible operand (6.865584ms)
✔ negative: rule incompatible unit (5.423917ms)
✔ negative: rule incompatible phase (5.892417ms)
✔ negative: supersession deletes closure with dangling history (2.832333ms)
✔ negative: supersession cycle (7.515666ms)
✔ negative: one screw allocated to two final uses (0.518708ms)
✔ negative: printed stock arithmetic mismatch (0.285458ms)
✔ negative: printed stock promoted to observed stock (0.432625ms)
✔ positive: valid qualified instance endpoint (0.336542ms)
✔ negative: ambiguous bare interface for repeated instances (0.135292ms)
✔ negative: wrong-definition qualified endpoint (0.081291ms)
✔ positive: contiguous VariantPatch (0.09025ms)
✔ negative: discontiguous VariantPatch (0.035209ms)
✔ negative: overlapping active/inactive VariantPatch (0.038708ms)
✔ positive: evidence record (9.119125ms)
✔ positive: PartDefinition (5.975459ms)
✔ positive: PartInstance (7.154584ms)
✔ positive: printed designation (4.758667ms)
✔ positive: open conflict (4.024333ms)
✔ positive: derived measurement with reproducible method (4.8565ms)
✔ positive: cuttable consumable identity (4.425334ms)
✔ positive: source-scoped inventory allocation (4.17475ms)
✔ positive: variant-scoped allocation (4.477417ms)
✔ positive: unresolved measurement has no numeric payload (0.188792ms)
✔ positive: owned subelements are not supplied stock (0.072541ms)
✔ positive: blocker graph link closes (4.985667ms)
✔ positive: resolved conflict retains both source claims and rationale (9.567291ms)
✔ positive: known nominal synthetic measurement; no PiCar dimension (23.049334ms)
✔ positive: supersession impact includes transitive dependents (15.134958ms)
✔ positive: all 29 planning steps and three variants retained (0.522333ms)
✔ positive: printed hardware arithmetic and separate physical BLOCKED (0.788375ms)
✔ positive: mechanical input change deterministic, presentation alone excluded (41.4865ms)
✔ positive: process maturity never promotes identity confidence (19.700541ms)
✔ negative: unclassified hash input (0.974542ms)
✔ negative: hash input direct cycle (0.30375ms)
✔ negative: hash input transitive cycle (0.159125ms)
✔ negative: output as own input (0.145333ms)
✔ negative: downstream hash in upstream artifact (0.254917ms)
✔ negative: wrong source-scoped ribbon variant rejected (10.102125ms)
✔ negative: two patches overlap same variant and step (6.02575ms)
✔ negative: missing immutable method bytes (10.850375ms)
✔ positive: model-input canonicalization is independent of registry array order and set order (18.6195ms)
✔ positive: retrieval timestamps excluded from evidence identity (35.506ms)
✔ negative: duplicate fastener subtype definition (5.93325ms)
✔ negative: duplicate cable subtype definition (5.223ms)
✔ negative: integrated cable misclassified as loose stock (6.6265ms)
✔ negative: integrated cable endpoint on another owner (5.956125ms)
✔ positive: integrated lead has owner-bound endpoint without extra stock (4.699875ms)
✔ negative: VERIFIED metric source lacks subject applicability (4.190166ms)
ℹ tests 254
ℹ suites 0
ℹ pass 254
ℹ fail 0
ℹ cancelled 0
ℹ skipped 0
ℹ todo 0
ℹ duration_ms 785.493666
