✔ rpi4: graph preimage contains complete canonical values and excludes exactly four initial hash fields (18.677167ms)
✔ rpi4: complete 29-step orientation/tools/procedure/source binding (0.394417ms)
✔ rpi4: closed additive step and part search destination contract (3.961416ms)
✔ rpi5: graph preimage contains complete canonical values and excludes exactly four initial hash fields (14.837375ms)
✔ rpi5: complete 29-step orientation/tools/procedure/source binding (0.10625ms)
✔ rpi5: closed additive step and part search destination contract (2.154208ms)
✔ rpi-zero-2-w: graph preimage contains complete canonical values and excludes exactly four initial hash fields (14.454792ms)
✔ rpi-zero-2-w: complete 29-step orientation/tools/procedure/source binding (0.224083ms)
✔ rpi-zero-2-w: closed additive step and part search destination contract (1.970459ms)
✔ contract owner text is exactly bound; original audited contract unchanged (1.016958ms)
✔ normative value changes invalidate graph; appearance labels remain excluded (6163.939958ms)
✔ stock and state preimages distinguish every serialized mutable surface (16.827292ms)
ℹ tests 12
ℹ suites 0
ℹ pass 12
ℹ fail 0
ℹ cancelled 0
ℹ skipped 0
ℹ todo 0
ℹ duration_ms 6486.883541
