TAP version 13
# Subtest: actual scoped receipt PX-V40-DEF-PLATE-A
ok 1 - actual scoped receipt PX-V40-DEF-PLATE-A
  ---
  duration_ms: 1.859584
  type: 'test'
  ...
# Subtest: actual scoped receipt PX-V40-DEF-PLATE-B
ok 2 - actual scoped receipt PX-V40-DEF-PLATE-B
  ---
  duration_ms: 0.576291
  type: 'test'
  ...
# Subtest: actual scoped receipt PX-V40-DEF-PLATE-C
ok 3 - actual scoped receipt PX-V40-DEF-PLATE-C
  ---
  duration_ms: 0.59075
  type: 'test'
  ...
# Subtest: actual scoped receipt PX-V40-DEF-PLATE-D
ok 4 - actual scoped receipt PX-V40-DEF-PLATE-D
  ---
  duration_ms: 0.378125
  type: 'test'
  ...
# Subtest: actual scoped receipt PX-V40-DEF-PLATE-E
ok 5 - actual scoped receipt PX-V40-DEF-PLATE-E
  ---
  duration_ms: 0.377041
  type: 'test'
  ...
# Subtest: actual scoped receipt PX-V40-DEF-PLATE-F
ok 6 - actual scoped receipt PX-V40-DEF-PLATE-F
  ---
  duration_ms: 0.37
  type: 'test'
  ...
# Subtest: actual scoped receipt PX-V40-DEF-PLATE-G
ok 7 - actual scoped receipt PX-V40-DEF-PLATE-G
  ---
  duration_ms: 0.498541
  type: 'test'
  ...
# Subtest: actual scoped receipt PX-V40-DEF-PLATE-H
ok 8 - actual scoped receipt PX-V40-DEF-PLATE-H
  ---
  duration_ms: 0.331542
  type: 'test'
  ...
# Subtest: actual aggregate gate stays BLOCKED
ok 9 - actual aggregate gate stays BLOCKED
  ---
  duration_ms: 2.579625
  type: 'test'
  ...
# Subtest: reject strict engineering label
ok 10 - reject strict engineering label
  ---
  duration_ms: 1.421292
  type: 'test'
  ...
# Subtest: reject strict engineering admission
ok 11 - reject strict engineering admission
  ---
  duration_ms: 0.441708
  type: 'test'
  ...
# Subtest: reject VERIFIED photo estimate from card
ok 12 - reject VERIFIED photo estimate from card
  ---
  duration_ms: 0.523
  type: 'test'
  ...
# Subtest: reject DERIVED photo estimate missing method/uncertainty
ok 13 - reject DERIVED photo estimate missing method/uncertainty
  ---
  duration_ms: 0.56225
  type: 'test'
  ...
# Subtest: reject manufacturer stock certification
ok 14 - reject manufacturer stock certification
  ---
  duration_ms: 0.232667
  type: 'test'
  ...
# Subtest: reject 2mm upgraded VERIFIED
ok 15 - reject 2mm upgraded VERIFIED
  ---
  duration_ms: 0.216709
  type: 'test'
  ...
# Subtest: reject E handedness reversed
ok 16 - reject E handedness reversed
  ---
  duration_ms: 0.223791
  type: 'test'
  ...
# Subtest: reject F handedness reversed
ok 17 - reject F handedness reversed
  ---
  duration_ms: 0.21225
  type: 'test'
  ...
# Subtest: reject negative runtime reflection
ok 18 - reject negative runtime reflection
  ---
  duration_ms: 0.36825
  type: 'test'
  ...
# Subtest: reject Plate A synthetic production datum
ok 19 - reject Plate A synthetic production datum
  ---
  duration_ms: 0.238333
  type: 'test'
  ...
# Subtest: reject invented hidden bore
ok 20 - reject invented hidden bore
  ---
  duration_ms: 0.245167
  type: 'test'
  ...
# Subtest: reject perspective pixels called orthographic
ok 21 - reject perspective pixels called orthographic
  ---
  duration_ms: 0.361041
  type: 'test'
  ...
# Subtest: reject one-image Plate C
ok 22 - reject one-image Plate C
  ---
  duration_ms: 1.062833
  type: 'test'
  ...
# Subtest: reject exact unsupported bend radius
ok 23 - reject exact unsupported bend radius
  ---
  duration_ms: 0.393667
  type: 'test'
  ...
# Subtest: reject instructional anchor exported as interface
ok 24 - reject instructional anchor exported as interface
  ---
  duration_ms: 0.281958
  type: 'test'
  ...
# Subtest: reject private pixels staged in artifact
ok 25 - reject private pixels staged in artifact
  ---
  duration_ms: 0.250333
  type: 'test'
  ...
# Subtest: reject source count altered
ok 26 - reject source count altered
  ---
  duration_ms: 0.712333
  type: 'test'
  ...
# Subtest: reject duplicate source used independently
ok 27 - reject duplicate source used independently
  ---
  duration_ms: 1.003375
  type: 'test'
  ...
# Subtest: reject missing required feature
ok 28 - reject missing required feature
  ---
  duration_ms: 0.474292
  type: 'test'
  ...
# Subtest: reject unknown numeric payload
ok 29 - reject unknown numeric payload
  ---
  duration_ms: 0.843209
  type: 'test'
  ...
# Subtest: reject candidate prematurely admitted
ok 30 - reject candidate prematurely admitted
  ---
  duration_ms: 0.610583
  type: 'test'
  ...
# Subtest: reject nonclosing uncertainty omitted
ok 31 - reject nonclosing uncertainty omitted
  ---
  duration_ms: 0.408167
  type: 'test'
  ...
# Subtest: reject canonical role changed
ok 32 - reject canonical role changed
  ---
  duration_ms: 0.3095
  type: 'test'
  ...
# Subtest: reject step use changed
ok 33 - reject step use changed
  ---
  duration_ms: 0.30225
  type: 'test'
  ...
# Subtest: refuse M6 artifact at G-STRUCTURE
ok 34 - refuse M6 artifact at G-STRUCTURE
  ---
  duration_ms: 0.169083
  type: 'test'
  ...
# Subtest: refuse M6 artifact at G-CAD
ok 35 - refuse M6 artifact at G-CAD
  ---
  duration_ms: 0.050625
  type: 'test'
  ...
# Subtest: refuse M6 artifact at G-GEOMETRY
ok 36 - refuse M6 artifact at G-GEOMETRY
  ---
  duration_ms: 0.044125
  type: 'test'
  ...
# Subtest: refuse M6 artifact at engineeringMeasurement
ok 37 - refuse M6 artifact at engineeringMeasurement
  ---
  duration_ms: 0.045875
  type: 'test'
  ...
# Subtest: refuse M6 artifact at engineeringInterface
ok 38 - refuse M6 artifact at engineeringInterface
  ---
  duration_ms: 0.042333
  type: 'test'
  ...
# Subtest: refuse M6 artifact at engineeringSolver
ok 39 - refuse M6 artifact at engineeringSolver
  ---
  duration_ms: 0.042334
  type: 'test'
  ...
# Subtest: refuse M6 artifact at engineeringRoute
ok 40 - refuse M6 artifact at engineeringRoute
  ---
  duration_ms: 0.051042
  type: 'test'
  ...
# Subtest: refuse M6 artifact at manufacturing
ok 41 - refuse M6 artifact at manufacturing
  ---
  duration_ms: 0.042083
  type: 'test'
  ...
# Subtest: refuse M6 artifact at physicalFit
ok 42 - refuse M6 artifact at physicalFit
  ---
  duration_ms: 0.042084
  type: 'test'
  ...
# Subtest: private photograph public destination rejected
ok 43 - private photograph public destination rejected
  ---
  duration_ms: 0.155666
  type: 'test'
  ...
# Subtest: private overlay staged destination rejected
ok 44 - private overlay staged destination rejected
  ---
  duration_ms: 0.086916
  type: 'test'
  ...
# Subtest: private overlay location accepted
ok 45 - private overlay location accepted
  ---
  duration_ms: 0.053334
  type: 'test'
  ...
# Subtest: candidate BRep output location accepted
ok 46 - candidate BRep output location accepted
  ---
  duration_ms: 0.025041
  type: 'test'
  ...
# Subtest: plate count mismatch rejected
ok 47 - plate count mismatch rejected
  ---
  duration_ms: 0.043625
  type: 'test'
  ...
# Subtest: plate duplicate identity rejected
ok 48 - plate duplicate identity rejected
  ---
  duration_ms: 0.075875
  type: 'test'
  ...
# Subtest: provisional review allowed without promoting unknowns
ok 49 - provisional review allowed without promoting unknowns
  ---
  duration_ms: 0.035584
  type: 'test'
  ...
# Subtest: blocked candidate cannot instruct assembly
ok 50 - blocked candidate cannot instruct assembly
  ---
  duration_ms: 0.046125
  type: 'test'
  ...
# Subtest: replacing candidate parameter preserves definition identity
ok 51 - replacing candidate parameter preserves definition identity
  ---
  duration_ms: 0.365
  type: 'test'
  ...
# Subtest: all 62 hash refs remain unique and counts close
ok 52 - all 62 hash refs remain unique and counts close
  ---
  duration_ms: 0.190084
  type: 'test'
  ...
# Subtest: E F identities are separate with owner sides retained
ok 53 - E F identities are separate with owner sides retained
  ---
  duration_ms: 0.152208
  type: 'test'
  ...
1..53
# tests 53
# suites 0
# pass 53
# fail 0
# cancelled 0
# skipped 0
# todo 0
# duration_ms 74.124666
